


U-Boot 2019.04-00002-gf15b99f0b6 (Oct 01 2019 - 09:28:05 -0500), Build: jenkins-github_Bootloader-Builder-131

CPU  : AM335X-GP rev 2.1
I2C:   ready
DRAM:  512 MiB
No match for driver 'omap_hsmmc'
No match for driver 'omap_hsmmc'
Some drivers were not found
Reset Source: Global external warm reset has occurred.
Reset Source: Global warm SW reset has occurred.
Reset Source: Power-on reset has occurred.
RTC 32KCLK Source: External.
MMC:   OMAP SD/MMC: 0, OMAP SD/MMC: 1
Loading Environment from EXT4...
** Unable to use mmc 0:1 for loading the env **
Board: BeagleBone Black
<ethaddr> not set. Validating first E-fuse MAC
BeagleBone Black:
BeagleBone: cape eeprom: i2c_probe: 0x54:
BeagleBone: cape eeprom: i2c_probe: 0x55:
BeagleBone: cape eeprom: i2c_probe: 0x56:
BeagleBone: cape eeprom: i2c_probe: 0x57:
Net:   eth0: MII MODE
cpsw, usb_ether
Press SPACE to abort autoboot in 2 seconds
=>
=>
=>
=>
=>
=>
=> fatload mmc 0:1 0x80200000 zImage
10108536 bytes read in 636 ms (15.2 MiB/s)
=> fatload mmc 0:1 0x80f00000 am335x-boneblack.dtb
58495 bytes read in 9 ms (6.2 MiB/s)
=> fatload mmc 0:1 0x81000000 uRamdisk
785172 bytes read in 55 ms (13.6 MiB/s)
=> setenv bootargs console=ttyO0,115200 root=/dev/ram0 rdinit=/init
=> bootz 0x80200000 0x81000000 0x80f00000
## Loading init Ramdisk from Legacy Image at 81000000 ...
   Image Name:   uInitrd
   Created:      2024-04-05  18:03:41 UTC
   Image Type:   ARM Linux RAMDisk Image (uncompressed)
   Data Size:    785108 Bytes = 766.7 KiB
   Load Address: 00000000
   Entry Point:  00000000
   Verifying Checksum ... OK
## Flattened Device Tree blob at 80f00000
   Booting using the fdt blob at 0x80f00000
   Loading Ramdisk to 8ff40000, end 8ffffad4 ... OK
   Loading Device Tree to 8ff2e000, end 8ff3f47e ... OK

Starting kernel ...

[    0.000000] Booting Linux on physical CPU 0x0
[    0.000000] Linux version 5.4.268-android11-2-00008-g66f4b04cb072-dirty (build-user@build-host) (Android (7284624, based on r416183b) clang version 12.0.5 (https://android.googlesource.com/toolchain/llvm-project c935d99d7cf2016289302412d708641d52d2f7ee), LLD 12.0.5 (/buildbot/src/android/llvm-toolchain/out/llvm-project/lld c935d99d7cf2016289302412d708641d52d2f7ee)) #1 SMP PREEMPT Mon Apr 1 16:16:30 UTC 2024
[    0.000000] CPU: ARMv7 Processor [413fc082] revision 2 (ARMv7), cr=10c5387d
[    0.000000] CPU: PIPT / VIPT nonaliasing data cache, VIPT aliasing instruction cache
[    0.000000] OF: fdt: Machine model: TI AM335x BeagleBone Black
[    0.000000] Memory policy: Data cache writeback
[    0.000000] cma: Reserved 16 MiB at 0x9e800000
[    0.000000] CPU: All CPU(s) started in SVC mode.
[    0.000000] AM335X ES2.1 (sgx neon)
[    0.000000] percpu: Embedded 21 pages/cpu s53388 r8192 d24436 u86016
[    0.000000] Built 1 zonelists, mobility grouping on.  Total pages: 129412
[    0.000000] Kernel command line: console=ttyO0,115200 root=/dev/ram0 rdinit=/init
[    0.000000] Dentry cache hash table entries: 65536 (order: 6, 262144 bytes, linear)
[    0.000000] Inode-cache hash table entries: 32768 (order: 5, 131072 bytes, linear)
[    0.000000] mem auto-init: stack:all(zero), heap alloc:on, heap free:off
[    0.000000] Memory: 474808K/522240K available (13312K kernel code, 995K rwdata, 7868K rodata, 1024K init, 340K bss, 31048K reserved, 16384K cma-reserved, 0K highmem)
[    0.000000] rcu: Preemptible hierarchical RCU implementation.
[    0.000000] rcu:     RCU dyntick-idle grace-period acceleration is enabled.
[    0.000000] rcu:     RCU restricting CPUs from NR_CPUS=2 to nr_cpu_ids=1.
[    0.000000]  Tasks RCU enabled.
[    0.000000] rcu: RCU calculated value of scheduler-enlistment delay is 10 jiffies.
[    0.000000] rcu: Adjusting geometry for rcu_fanout_leaf=16, nr_cpu_ids=1
[    0.000000] NR_IRQS: 16, nr_irqs: 16, preallocated irqs: 16
[    0.000000] IRQ: Found an INTC at 0x(ptrval) (revision 5.0) with 128 interrupts
[    0.000000] rcu:     Offload RCU callbacks from CPUs: (none).
[    0.000000] OMAP clockevent source: timer2 at 24000000 Hz
[    0.000020] sched_clock: 32 bits at 24MHz, resolution 41ns, wraps every 89478484971ns
[    0.000043] clocksource: timer1: mask: 0xffffffff max_cycles: 0xffffffff, max_idle_ns: 79635851949 ns
[    0.000055] OMAP clocksource: timer1 at 24000000 Hz
[    0.001758] timer_probe: no matching timers found
[    0.002683] WARNING: Your 'console=ttyO0' has been replaced by 'ttyS0'
[    0.002699] This ensures that you still see kernel messages. Please
[    0.002706] update your kernel commandline.
[    0.002717] serial port 0 not yet initialized
[    0.002775] Calibrating delay loop... 996.14 BogoMIPS (lpj=4980736)
[    0.089109] CPU: Testing write buffer coherency: ok
[    0.089197] CPU0: Spectre v2: using BPIALL workaround
[    0.089208] pid_max: default: 32768 minimum: 301
[    0.089659] LSM: Security Framework initializing
[    0.089844] SELinux:  Initializing.
[    0.090459] Mount-cache hash table entries: 1024 (order: 0, 4096 bytes, linear)
[    0.090476] Mountpoint-cache hash table entries: 1024 (order: 0, 4096 bytes, linear)
[    0.092848] CPU0: thread -1, cpu 0, socket -1, mpidr 0
[    0.093944] Setting up static identity map for 0x80100000 - 0x80100078
[    0.094197] rcu: Hierarchical SRCU implementation.
[    0.094591] dynamic_debug:dynamic_debug_init: Ignore empty _ddebug table in a CONFIG_DYNAMIC_DEBUG_CORE build
[    0.095570] smp: Bringing up secondary CPUs ...
[    0.095588] smp: Brought up 1 node, 1 CPU
[    0.095598] SMP: Total of 1 processors activated (996.14 BogoMIPS).
[    0.095607] CPU: All CPU(s) started in SVC mode.
[    0.095688] CPU0: update max cpu_capacity 1024
[    0.096536] devtmpfs: initialized
[    0.114316] VFP support v0.3: implementor 41 architecture 3 part 30 variant c rev 3
[    0.114972] clocksource: jiffies: mask: 0xffffffff max_cycles: 0xffffffff, max_idle_ns: 19112604462750000 ns
[    0.115012] futex hash table entries: 256 (order: 2, 16384 bytes, linear)
[    0.116664] pinctrl core: initialized pinctrl subsystem
[    0.118972] NET: Registered protocol family 16
[    0.121845] DMA: preallocated 256 KiB pool for atomic coherent allocations
[    0.149989] l3-aon-clkctrl:0000:0: failed to disable
[    0.151813] audit: initializing netlink subsys (disabled)
[    0.153562] cpuidle: using governor menu
[    0.159210] audit: type=2000 audit(0.140:1): state=initialized audit_enabled=0 res=1
[    1.490399] No ATAGs?
[    1.490411] hw-breakpoint: debug architecture 0x4 unsupported.
[    1.491959] Serial: AMBA PL011 UART driver
[    1.520314] cryptomgr_test (21) used greatest stack depth: 6908 bytes left
[    1.529488] cryptomgr_test (57) used greatest stack depth: 6880 bytes left
[    1.542555] edma 49000000.edma: TI EDMA DMA engine driver
[    1.546360] iommu: Default domain type: Translated
[    1.548579] SCSI subsystem initialized
[    1.549718] usbcore: registered new interface driver usbfs
[    1.549787] usbcore: registered new interface driver hub
[    1.549850] usbcore: registered new device driver usb
[    1.550397] mc: Linux media interface: v0.10
[    1.550453] videodev: Linux video capture interface: v2.00
[    1.550641] EDAC MC: Ver: 3.0.0
[    1.554704] clocksource: Switched to clocksource timer1
[    2.094462] VFS: Disk quotas dquot_6.6.0
[    2.094593] VFS: Dquot-cache hash table entries: 1024 (order 0, 4096 bytes)
[    2.096845] thermal_sys: Registered thermal governor 'fair_share'
[    2.096853] thermal_sys: Registered thermal governor 'step_wise'
[    2.096873] thermal_sys: Registered thermal governor 'user_space'
[    2.096881] thermal_sys: Registered thermal governor 'power_allocator'
[    2.097659] NET: Registered protocol family 2
[    2.097920] IP idents hash table entries: 8192 (order: 4, 65536 bytes, linear)
[    2.099258] tcp_listen_portaddr_hash hash table entries: 512 (order: 0, 6144 bytes, linear)
[    2.099704] TCP established hash table entries: 4096 (order: 2, 16384 bytes, linear)
[    2.099771] TCP bind hash table entries: 4096 (order: 3, 32768 bytes, linear)
[    2.099836] TCP: Hash tables configured (established 4096 bind 4096)
[    2.100000] UDP hash table entries: 256 (order: 1, 8192 bytes, linear)
[    2.100033] UDP-Lite hash table entries: 256 (order: 1, 8192 bytes, linear)
[    2.100247] NET: Registered protocol family 1
[    2.101168] RPC: Registered named UNIX socket transport module.
[    2.101184] RPC: Registered udp transport module.
[    2.101192] RPC: Registered tcp transport module.
[    2.101199] RPC: Registered tcp NFSv4.1 backchannel transport module.
[    2.101217] NET: Registered protocol family 44
[    2.101242] PCI: CLS 0 bytes, default 64
[    2.102071] Trying to unpack rootfs image as initramfs...
[    2.137975] Freeing initrd memory: 768K
[    2.139158] hw perfevents: enabled with armv7_cortex_a8 PMU driver, 5 counters available
[    2.141256] Initialise system trusted keyrings
[    2.141734] workingset: timestamp_bits=14 max_order=17 bucket_order=3
[    2.144567] NFS: Registering the id_resolver key type
[    2.144630] Key type id_resolver registered
[    2.144640] Key type id_legacy registered
[    2.144997] jffs2: version 2.2. (NAND) (SUMMARY)  © 2001-2006 Red Hat, Inc.
[    2.145859] fuse: init (API version 7.31)
[    2.167630] Key type asymmetric registered
[    2.167658] Asymmetric key parser 'x509' registered
[    2.167746] Block layer SCSI generic (bsg) driver version 0.4 loaded (major 248)
[    2.167760] io scheduler mq-deadline registered
[    2.167770] io scheduler kyber registered
[    2.295317] OMAP GPIO hardware version 0.1
[    2.565902] pinctrl-single 44e10800.pinmux: 142 pins, size 568
[    2.576195] Serial: 8250/16550 driver, 6 ports, IRQ sharing enabled
[    2.580397] 44e09000.serial: ttyS0 at MMIO 0x44e09000 (irq = 29, base_baud = 3000000) is a 8250
[    3.289431] printk: console [ttyS0] enabled
[    3.297917] omap_rng 48310000.rng: Random Number Generator ver. 20
[    3.305099] random: crng init done
[    3.322977] brd: module loaded
[    3.345433] loop: module loaded
[    3.349377] zram: Added device: zram0
[    3.356039] mtdoops: mtd device (mtddev=name/number) must be supplied
[    3.364533] tun: Universal TUN/TAP device driver, 1.6
[    3.370216] usbcore: registered new interface driver r8152
[    3.375995] usbcore: registered new interface driver xpad
[    3.382057] i2c /dev entries driver
[    3.385887] usbcore: registered new interface driver uvcvideo
[    3.391662] USB Video Class driver (1.1.1)
[    3.395865] gspca_main: v2.14.0 registered
[    3.401136] device-mapper: uevent: version 1.0.3
[    3.406286] device-mapper: ioctl: 4.41.0-ioctl (2019-09-16) initialised: dm-devel@redhat.com
[    3.416995] sdhci: Secure Digital Host Controller Interface driver
[    3.423218] sdhci: Copyright(c) Pierre Ossman
[    3.429016] omap_gpio 44e07000.gpio: Could not set line 6 debounce to 200000 microseconds (-22)
[    3.437918] omap_hsmmc 48060000.mmc: Got CD GPIO
[    3.495639] omap_hsmmc 47810000.mmc: RX DMA channel request failed
[    3.502861] sdhci-pltfm: SDHCI platform and OF driver helper
[    3.509455] ledtrig-cpu: registered to indicate activity on CPUs
[    3.518392] hidraw: raw HID events driver (C) Jiri Kosina
[    3.523934] mmc0: host does not support reading read-only switch, assuming write-enable
[    3.534442] usbcore: registered new interface driver usbhid
[    3.540179] usbhid: USB HID core driver
[    3.544176] mmc0: new high speed SDHC card at address 59b4
[    3.550172] ashmem: initialized
[    3.555538] gnss: GNSS driver registered with major 240
[    3.561670] mmcblk0: mmc0:59b4 00000 14.9 GiB
[    3.568844] oprofile: using arm/armv7
[    3.572669] u32 classifier
[    3.575792]     input device check on
[    3.579733]  mmcblk0: p1
[    3.583399]     Actions configured
[    3.589235] xt_time: kernel timezone is -0000
[    3.593830] ipip: IPv4 and MPLS over IPv4 tunneling driver
[    3.600566] gre: GRE over IPv4 demultiplexor driver
[    3.605641] ip_gre: GRE over IPv4 tunneling driver
[    3.612376] IPv4 over IPsec tunneling driver
[    3.617830] mmc1: new high speed MMC card at address 0001
[    3.624427] Initializing XFRM netlink socket
[    3.629613] mmcblk1: mmc1:0001 MK2704 3.53 GiB
[    3.634850] IPsec XFRM device driver
[    3.638608] NET: Registered protocol family 10
[    3.643995] mmcblk1boot0: mmc1:0001 MK2704 partition 1 2.00 MiB
[    3.651449] Segment Routing with IPv6
[    3.655933] mmcblk1boot1: mmc1:0001 MK2704 partition 2 2.00 MiB
[    3.662399] mip6: Mobile IPv6
[    3.665622] mmcblk1rpmb: mmc1:0001 MK2704 partition 3 512 KiB, chardev (245:0)
[    3.674393] sit: IPv6, IPv4 and MPLS over IPv4 tunneling driver
[    3.683396] ip6_gre: GRE over IPv6 tunneling driver
[    3.690043] NET: Registered protocol family 17
[    3.694901]  mmcblk1: p1
[    3.699049] NET: Registered protocol family 15
[    3.703698] l2tp_core: L2TP core driver, V2.0
[    3.712369] tipc: Activated (version 2.0.0)
[    3.716928] NET: Registered protocol family 30
[    3.721625] tipc: Started in single node mode
[    3.726207] Key type dns_resolver registered
[    3.730606] ThumbEE CPU extension supported.
[    3.735020] Registering SWP/SWPB emulation handler
[    3.739839] omap_voltage_late_init: Voltage driver support not added
[    3.746290] sr_dev_init: Unknown instance smartreflex0
[    3.751778] SmartReflex Class3 initialized
[    3.756666] registered taskstats version 1
[    3.760791] Loading compiled-in X.509 certificates
[    3.765799] Key type ._fscrypt registered
[    3.769830] Key type .fscrypt registered
[    3.773767] Key type fscrypt-provisioning registered
[    3.848287] tps65217 0-0024: TPS65217 ID 0xe version 1.2
[    3.854456] omap_i2c 44e0b000.i2c: bus 0 rev0.11 at 400 kHz
[    3.862534] omap_i2c 4819c000.i2c: bus 2 rev0.11 at 100 kHz
[    3.873592] Freeing unused kernel memory: 1024K
[    3.879204] Run /init as init process
[    3.892859] init: init first stage started!
[    3.897709] init: Unable to open /lib/modules, skipping module loading.
[    3.905140] init: [libfs_mgr]ReadFstabFromDt(): failed to read fstab from dt
[    3.912897] init: [libfs_mgr]ReadDefaultFstab(): failed to find device default fstab
[    3.920930] init: Failed to fstab for first stage mount
[    3.926462] init: Using Android DT directory /proc/device-tree/firmware/android/
[    3.934919] init: [libfs_mgr]ReadDefaultFstab(): failed to find device default fstab
[    3.942842] init: First stage mount skipped (missing/incompatible/empty fstab in device tree)
[    3.951748] init: Skipped setting INIT_AVB_VERSION (not in recovery mode)
[    3.959030] init: execv("/system/bin/init") failed: No such file or directory
[    4.091719] reboot: Restarting system with command 'bootloader'


///////////// AFTER 	MAKING FSTAB PART OF VENDOR IN SYSTEM.IMG AND MAKING CHANGES IN DTB FILE FOR INCLUSION OF SYSTEM AND VENDOR IN MMCBLKOP1/2 PARTITION AND SAME MENTIONED IN 
/////////////  FSTAB LOGS ARE

[    4.252300] Key type fscrypt-provisioning registered
[    4.322691] tps65217 0-0024: TPS65217 ID 0xe version 1.2
[    4.328857] omap_i2c 44e0b000.i2c: bus 0 rev0.11 at 400 kHz
[    4.336982] omap_i2c 4819c000.i2c: bus 2 rev0.11 at 100 kHz
[    4.348010] Freeing unused kernel memory: 1024K
[    4.353628] Run /init as init process
[    4.367612] init: mount("proc", "/proc", "proc", 0, "hidepid=2,gid=" MAKE_STR(AID_READPROC)) failed No such file or directory
[    4.379295] init: chmod("/proc/cmdline", 0440) failed No such file or directory
[    4.386846] init: Init encountered errors starting first stage, aborting
[    4.394657] init: InitFatalReboot: signal 6
[    4.399987] init: InitFatalReboot: Failed to unwind callstack.
[    4.405904] init: Reboot ending, jumping to kernel
[    4.436952] reboot: Restarting system with command 'bootloader'


///////////// AFTER 	MAKING Manual changes in Ramdisk and adding Proc and oter empty folder and booting

4.347724] Freeing unused kernel memory: 1024K
[    4.353343] Run /init as init process
[    4.367440] init: init first stage started!
[    4.372313] init: Unable to open /lib/modules, skipping module loading.
[    4.381954] init: Using Android DT directory /proc/device-tree/firmware/android/
[    4.392323] init: [libfs_mgr]ReadDefaultFstab(): failed to find device default fstab
[    4.564700] init: bool android::init::BlockDevInitializer::InitDevices(std::set<std::string>): partition(s) not found in /sys, waiting for their uevent(s): mmcblk0p3
[   14.590252] init: Wait for partitions returned after 10010ms
[   14.596021] init: bool android::init::BlockDevInitializer::InitDevices(std::set<std::string>): partition(s) not found after polling timeout: mmcblk0p3
[   14.610016] init: Failed to mount required partitions early ...
[   14.617062] init: InitFatalReboot: signal 6
[   14.722809] init: #00 pc 000c9f50  /init (UnwindStackCurrent::UnwindFromContext(unsigned int, void*)+84)
[   14.732557] init: #01 pc 0005cb2d  /init (android::init::InitFatalReboot(int)+132)
[   14.740241] init: #02 pc 0005ce11  /init (android::init::InstallRebootSignalHandlers()::$_22::__invoke(int)+20)
[   14.750437] init: #03 pc 001215f8  /init (__restore)
[   14.755457] init: #04 pc 0011e460  /init (abort+168)
[   14.760507] init: #05 pc 0005ea8b  /init (android::init::InitAborter(char const*)+22)
[   14.796768] reboot: Restarting system with command 'bootloader'
 

////////////// After mkfs vendor to ext4 mmcblk0p3 ///

 Run /init as init process
[    4.366967] init: init first stage started!
[    4.371847] init: Unable to open /lib/modules, skipping module loading.
[    4.381500] init: Using Android DT directory /proc/device-tree/firmware/android/
[    4.391879] init: [libfs_mgr]ReadDefaultFstab(): failed to find device default fstab
[    4.441647] init: DSU not detected, proceeding with normal boot
[    4.449822] init: [libfs_mgr]superblock s_max_mnt_count:65535,/dev/block/mmcblk0p2
[    4.466111] EXT4-fs (mmcblk0p2): mounted filesystem without journal. Opts: barrier=1,inode_readahead_blks=8
[    4.476312] init: [libfs_mgr]__mount(source=/dev/block/mmcblk0p2,target=/system,type=ext4)=0: Success
[    4.486880] init: Switching root to '/system'
[    4.501402] init: [libfs_mgr]superblock s_max_mnt_count:65535,/dev/block/mmcblk0p3
[    4.522481] EXT4-fs (mmcblk0p3): mounted filesystem with ordered data mode. Opts: barrier=1,inode_readahead_blks=8
[    4.533319] init: [libfs_mgr]__mount(source=/dev/block/mmcblk0p3,target=/vendor,type=ext4)=0: Success
[    4.577003] printk: init: 1 output lines suppressed due to ratelimiting
[    5.041026] init: [libfs_mgr]ReadDefaultFstab(): failed to find device default fstab
[    5.049899] init: Skipping mount of system_ext, system is not dynamic.
[    5.056630] init: Loading SELinux policy
[    5.065724] init: No precompiled sepolicy: No such file or directory
[    5.072271] init: Compiling SELinux policy
[    5.076640] init: Failed to read /vendor/etc/selinux/plat_sepolicy_vers.txt: No such file or directory
[    5.086308] init: Unable to load SELinux policy
[    5.092885] init: InitFatalReboot: signal 6
[    5.165350] init: #00 pc 0007b221  /system/bin/init (android::init::InitFatalReboot(int)+132)
[    5.174304] init: #01 pc 00031309  /system/bin/init (android::init::InitAborter(char const*)+24)
[    5.206501] reboot: Restarting system with command 'bootloader'

/////Make vendor image & system image
Starting kernel ...

[    0.000000] Booting Linux on physical CPU 0x0
[    0.000000] Linux version 5.4.268-android11-2-00008-g66f4b04cb072-dirty (build-user@build-host) (Android (7284624, based on r416183b) clang version 12.0.5 (https://android.googlesource.com/toolchain/llvm-project c935d99d7cf2016289302412d708641d52d2f7ee), LLD 12.0.5 (/buildbot/src/android/llvm-toolchain/out/llvm-project/lld c935d99d7cf2016289302412d708641d52d2f7ee)) #1 SMP PREEMPT Mon Apr 1 16:16:30 UTC 2024
[    0.000000] CPU: ARMv7 Processor [413fc082] revision 2 (ARMv7), cr=10c5387d
[    0.000000] CPU: PIPT / VIPT nonaliasing data cache, VIPT aliasing instruction cache
[    0.000000] OF: fdt: Machine model: TI AM335x BeagleBone Black
[    0.000000] Memory policy: Data cache writeback
[    0.000000] cma: Reserved 16 MiB at 0x9e800000
[    0.000000] On node 0 totalpages: 130560
[    0.000000]   Normal zone: 1148 pages used for memmap
[    0.000000]   Normal zone: 0 pages reserved
[    0.000000]   Normal zone: 130560 pages, LIFO batch:31
[    0.000000] CPU: All CPU(s) started in SVC mode.
[    0.000000] AM335X ES2.1 (sgx neon)
[    0.000000] percpu: Embedded 21 pages/cpu s53388 r8192 d24436 u86016
[    0.000000] pcpu-alloc: s53388 r8192 d24436 u86016 alloc=21*4096
[    0.000000] pcpu-alloc: [0] 0
[    0.000000] Built 1 zonelists, mobility grouping on.  Total pages: 129412
[    0.000000] Kernel command line: console=ttyO0,115200 root=/dev/ram0 init=/init loglevel=9 androidboot.selinux=permissive print-fatal-signals=1
[    0.000000] Dentry cache hash table entries: 65536 (order: 6, 262144 bytes, linear)
[    0.000000] Inode-cache hash table entries: 32768 (order: 5, 131072 bytes, linear)
[    0.000000] mem auto-init: stack:all(zero), heap alloc:on, heap free:off
[    0.000000] Memory: 474800K/522240K available (13312K kernel code, 995K rwdata, 7868K rodata, 1024K init, 340K bss, 31056K reserved, 16384K cma-reserved, 0K highmem)
[    0.000000] rcu: Preemptible hierarchical RCU implementation.
[    0.000000] rcu:     RCU dyntick-idle grace-period acceleration is enabled.
[    0.000000] rcu:     RCU restricting CPUs from NR_CPUS=2 to nr_cpu_ids=1.
[    0.000000]  Tasks RCU enabled.
[    0.000000] rcu: RCU calculated value of scheduler-enlistment delay is 10 jiffies.
[    0.000000] rcu: Adjusting geometry for rcu_fanout_leaf=16, nr_cpu_ids=1
[    0.000000] NR_IRQS: 16, nr_irqs: 16, preallocated irqs: 16
[    0.000000] IRQ: Found an INTC at 0x(ptrval) (revision 5.0) with 128 interrupts
[    0.000000] rcu:     Offload RCU callbacks from CPUs: (none).
[    0.000000] OMAP clockevent source: timer2 at 24000000 Hz
[    0.000020] sched_clock: 32 bits at 24MHz, resolution 41ns, wraps every 89478484971ns
[    0.000044] clocksource: timer1: mask: 0xffffffff max_cycles: 0xffffffff, max_idle_ns: 79635851949 ns
[    0.000056] OMAP clocksource: timer1 at 24000000 Hz
[    0.001781] timer_probe: no matching timers found
[    0.002716] WARNING: Your 'console=ttyO0' has been replaced by 'ttyS0'
[    0.002729] This ensures that you still see kernel messages. Please
[    0.002736] update your kernel commandline.
[    0.002747] serial port 0 not yet initialized
[    0.002806] Calibrating delay loop... 996.14 BogoMIPS (lpj=4980736)
[    0.089097] CPU: Testing write buffer coherency: ok
[    0.089187] CPU0: Spectre v2: using BPIALL workaround
[    0.089197] pid_max: default: 32768 minimum: 301
[    0.089653] LSM: Security Framework initializing
[    0.089836] SELinux:  Initializing.
[    0.090450] Mount-cache hash table entries: 1024 (order: 0, 4096 bytes, linear)
[    0.090466] Mountpoint-cache hash table entries: 1024 (order: 0, 4096 bytes, linear)
[    0.092820] CPU0: thread -1, cpu 0, socket -1, mpidr 0
[    0.093912] Setting up static identity map for 0x80100000 - 0x80100078
[    0.094165] rcu: Hierarchical SRCU implementation.
[    0.094555] dynamic_debug:dynamic_debug_init: Ignore empty _ddebug table in a CONFIG_DYNAMIC_DEBUG_CORE build
[    0.095517] smp: Bringing up secondary CPUs ...
[    0.095535] smp: Brought up 1 node, 1 CPU
[    0.095546] SMP: Total of 1 processors activated (996.14 BogoMIPS).
[    0.095554] CPU: All CPU(s) started in SVC mode.
[    0.095637] CPU0: update max cpu_capacity 1024
[    0.096467] devtmpfs: initialized
[    0.114444] VFP support v0.3: implementor 41 architecture 3 part 30 variant c rev 3
[    0.115084] clocksource: jiffies: mask: 0xffffffff max_cycles: 0xffffffff, max_idle_ns: 19112604462750000 ns
[    0.115127] futex hash table entries: 256 (order: 2, 16384 bytes, linear)
[    0.116776] pinctrl core: initialized pinctrl subsystem
[    0.119300] NET: Registered protocol family 16
[    0.121950] DMA: preallocated 256 KiB pool for atomic coherent allocations
[    0.150028] l3-aon-clkctrl:0000:0: failed to disable
[    0.151860] audit: initializing netlink subsys (disabled)
[    0.153523] cpuidle: using governor menu
[    0.159194] audit: type=2000 audit(0.140:1): state=initialized audit_enabled=0 res=1
[    1.490274] No ATAGs?
[    1.490285] hw-breakpoint: debug architecture 0x4 unsupported.
[    1.491790] Serial: AMBA PL011 UART driver
[    1.534909] cryptomgr_test (21) used greatest stack depth: 6908 bytes left
[    1.539258] cryptomgr_test (38) used greatest stack depth: 6576 bytes left
[    1.556604] edma 49000000.edma: TI EDMA DMA engine driver
[    1.557450] reg-fixed-voltage fixedregulator0: GPIO lookup for consumer (null)
[    1.557468] reg-fixed-voltage fixedregulator0: using device tree for GPIO lookup
[    1.557499] of_get_named_gpiod_flags: can't parse 'gpios' property of node '/fixedregulator0[0]'
[    1.557518] of_get_named_gpiod_flags: can't parse 'gpio' property of node '/fixedregulator0[0]'
[    1.557534] reg-fixed-voltage fixedregulator0: using lookup tables for GPIO lookup
[    1.557546] reg-fixed-voltage fixedregulator0: No GPIO consumer (null) found
[    1.560727] iommu: Default domain type: Translated
[    1.562970] SCSI subsystem initialized
[    1.563424] libata version 3.00 loaded.
[    1.563671] usbcore: registered new interface driver usbfs
[    1.563735] usbcore: registered new interface driver hub
[    1.563789] usbcore: registered new device driver usb
[    1.564294] mc: Linux media interface: v0.10
[    1.564392] videodev: Linux video capture interface: v2.00
[    1.564560] EDAC MC: Ver: 3.0.0
[    1.568691] clocksource: Switched to clocksource timer1
[    2.109681] VFS: Disk quotas dquot_6.6.0
[    2.109810] VFS: Dquot-cache hash table entries: 1024 (order 0, 4096 bytes)
[    2.111858] thermal_sys: Registered thermal governor 'fair_share'
[    2.111868] thermal_sys: Registered thermal governor 'step_wise'
[    2.111886] thermal_sys: Registered thermal governor 'user_space'
[    2.111895] thermal_sys: Registered thermal governor 'power_allocator'
[    2.112649] NET: Registered protocol family 2
[    2.112929] IP idents hash table entries: 8192 (order: 4, 65536 bytes, linear)
[    2.114273] tcp_listen_portaddr_hash hash table entries: 512 (order: 0, 6144 bytes, linear)
[    2.114721] TCP established hash table entries: 4096 (order: 2, 16384 bytes, linear)
[    2.114788] TCP bind hash table entries: 4096 (order: 3, 32768 bytes, linear)
[    2.114853] TCP: Hash tables configured (established 4096 bind 4096)
[    2.115019] UDP hash table entries: 256 (order: 1, 8192 bytes, linear)
[    2.115051] UDP-Lite hash table entries: 256 (order: 1, 8192 bytes, linear)
[    2.115269] NET: Registered protocol family 1
[    2.116206] RPC: Registered named UNIX socket transport module.
[    2.116222] RPC: Registered udp transport module.
[    2.116230] RPC: Registered tcp transport module.
[    2.116237] RPC: Registered tcp NFSv4.1 backchannel transport module.
[    2.116255] NET: Registered protocol family 44
[    2.116278] PCI: CLS 0 bytes, default 64
[    2.117102] Trying to unpack rootfs image as initramfs...
[    2.153970] Freeing initrd memory: 772K
[    2.155107] hw perfevents: enabled with armv7_cortex_a8 PMU driver, 5 counters available
[    2.157179] Initialise system trusted keyrings
[    2.157658] workingset: timestamp_bits=14 max_order=17 bucket_order=3
[    2.160725] NFS: Registering the id_resolver key type
[    2.160815] Key type id_resolver registered
[    2.160824] Key type id_legacy registered
[    2.160986] jffs2: version 2.2. (NAND) (SUMMARY)  © 2001-2006 Red Hat, Inc.
[    2.161808] fuse: init (API version 7.31)
[    2.184799] Key type asymmetric registered
[    2.184824] Asymmetric key parser 'x509' registered
[    2.184912] Block layer SCSI generic (bsg) driver version 0.4 loaded (major 248)
[    2.184927] io scheduler mq-deadline registered
[    2.184937] io scheduler kyber registered
[    2.312262] gpio gpiochip0: (gpio-0-31): added GPIO chardev (254:0)
[    2.312399] gpiochip_setup_dev: registered GPIOs 0 to 31 on device: gpiochip0 (gpio-0-31)
[    2.312478] OMAP GPIO hardware version 0.1
[    2.531695] gpio gpiochip1: (gpio-32-63): added GPIO chardev (254:1)
[    2.531863] gpiochip_setup_dev: registered GPIOs 32 to 63 on device: gpiochip1 (gpio-32-63)
[    2.562946] gpio gpiochip2: (gpio-64-95): added GPIO chardev (254:2)
[    2.563168] gpiochip_setup_dev: registered GPIOs 64 to 95 on device: gpiochip2 (gpio-64-95)
[    2.566261] gpio gpiochip3: (gpio-96-127): added GPIO chardev (254:3)
[    2.566435] gpiochip_setup_dev: registered GPIOs 96 to 127 on device: gpiochip3 (gpio-96-127)
[    2.583085] pinctrl-single 44e10800.pinmux: 142 pins, size 568
[    2.589519] gpio-clk clk_mcasp0: GPIO lookup for consumer enable
[    2.589541] gpio-clk clk_mcasp0: using device tree for GPIO lookup
[    2.589592] of_get_named_gpiod_flags: parsed 'enable-gpios' property of node '/clk_mcasp0[0]' - status (0)
[    2.589681] gpio gpiochip1: Persistence not supported for GPIO 27
[    2.593327] Serial: 8250/16550 driver, 6 ports, IRQ sharing enabled
[    2.597528] 44e09000.serial: ttyS0 at MMIO 0x44e09000 (irq = 29, base_baud = 3000000) is a 8250
[    3.477517] printk: console [ttyS0] enabled
[    3.485867] omap_rng 48310000.rng: Random Number Generator ver. 20
[    3.492462] random: crng init done
[    3.510959] brd: module loaded
[    3.533227] loop: module loaded
[    3.537170] zram: Added device: zram0
[    3.543775] mtdoops: mtd device (mtddev=name/number) must be supplied
[    3.552391] tun: Universal TUN/TAP device driver, 1.6
[    3.557969] usbcore: registered new interface driver r8152
[    3.563795] usbcore: registered new interface driver xpad
[    3.569953] i2c /dev entries driver
[    3.573640] usbcore: registered new interface driver uvcvideo
[    3.579540] USB Video Class driver (1.1.1)
[    3.583660] gspca_main: v2.14.0 registered
[    3.589038] device-mapper: uevent: version 1.0.3
[    3.594093] device-mapper: ioctl: 4.41.0-ioctl (2019-09-16) initialised: dm-devel@redhat.com
[    3.604806] sdhci: Secure Digital Host Controller Interface driver
[    3.611256] sdhci: Copyright(c) Pierre Ossman
[    3.616712] omap_hsmmc 48060000.mmc: GPIO lookup for consumer cd
[    3.622914] omap_hsmmc 48060000.mmc: using device tree for GPIO lookup
[    3.629553] of_get_named_gpiod_flags: parsed 'cd-gpios' property of node '/ocp/interconnect@48000000/segment@0/target-module@60000/mmc@0[0]' - status (0)
[    3.643437] gpio gpiochip0: Persistence not supported for GPIO 6
[    3.649512] omap_gpio 44e07000.gpio: Could not set line 6 debounce to 200000 microseconds (-22)
[    3.658251] omap_hsmmc 48060000.mmc: Got CD GPIO
[    3.662915] omap_hsmmc 48060000.mmc: GPIO lookup for consumer wp
[    3.668969] omap_hsmmc 48060000.mmc: using device tree for GPIO lookup
[    3.675540] of_get_named_gpiod_flags: can't parse 'wp-gpios' property of node '/ocp/interconnect@48000000/segment@0/target-module@60000/mmc@0[0]'
[    3.688720] of_get_named_gpiod_flags: can't parse 'wp-gpio' property of node '/ocp/interconnect@48000000/segment@0/target-module@60000/mmc@0[0]'
[    3.701761] omap_hsmmc 48060000.mmc: using lookup tables for GPIO lookup
[    3.708494] omap_hsmmc 48060000.mmc: No GPIO consumer wp found
[    3.741974] omap_hsmmc 481d8000.mmc: GPIO lookup for consumer cd
[    3.748124] omap_hsmmc 481d8000.mmc: using device tree for GPIO lookup
[    3.754804] of_get_named_gpiod_flags: can't parse 'cd-gpios' property of node '/ocp/interconnect@48000000/segment@100000/target-module@d8000/mmc@0[0]'
[    3.768414] of_get_named_gpiod_flags: can't parse 'cd-gpio' property of node '/ocp/interconnect@48000000/segment@100000/target-module@d8000/mmc@0[0]'
[    3.781919] omap_hsmmc 481d8000.mmc: using lookup tables for GPIO lookup
[    3.788700] omap_hsmmc 481d8000.mmc: No GPIO consumer cd found
[    3.794595] omap_hsmmc 481d8000.mmc: GPIO lookup for consumer wp
[    3.800702] omap_hsmmc 481d8000.mmc: using device tree for GPIO lookup
[    3.807321] of_get_named_gpiod_flags: can't parse 'wp-gpios' property of node '/ocp/interconnect@48000000/segment@100000/target-module@d8000/mmc@0[0]'
[    3.820939] of_get_named_gpiod_flags: can't parse 'wp-gpio' property of node '/ocp/interconnect@48000000/segment@100000/target-module@d8000/mmc@0[0]'
[    3.834469] omap_hsmmc 481d8000.mmc: using lookup tables for GPIO lookup
[    3.841251] omap_hsmmc 481d8000.mmc: No GPIO consumer wp found
[    3.872113] mmc0: host does not support reading read-only switch, assuming write-enable
[    3.880640] omap_hsmmc 47810000.mmc: GPIO lookup for consumer cd
[    3.886682] omap_hsmmc 47810000.mmc: using device tree for GPIO lookup
[    3.893697] of_get_named_gpiod_flags: can't parse 'cd-gpios' property of node '/ocp/target-module@47810000/mmc@0[0]'
[    3.904518] mmc0: new high speed SDHC card at address 59b4
[    3.910139] of_get_named_gpiod_flags: can't parse 'cd-gpio' property of node '/ocp/target-module@47810000/mmc@0[0]'
[    3.921883] mmcblk0: mmc0:59b4 00000 14.9 GiB
[    3.928852] omap_hsmmc 47810000.mmc: using lookup tables for GPIO lookup
[    3.935861] omap_hsmmc 47810000.mmc: No GPIO consumer cd found
[    3.942028]  mmcblk0: p1 p2 p3
[    3.945189] omap_hsmmc 47810000.mmc: GPIO lookup for consumer wp
[    3.953549] omap_hsmmc 47810000.mmc: using device tree for GPIO lookup
[    3.960314] of_get_named_gpiod_flags: can't parse 'wp-gpios' property of node '/ocp/target-module@47810000/mmc@0[0]'
[    3.971014] of_get_named_gpiod_flags: can't parse 'wp-gpio' property of node '/ocp/target-module@47810000/mmc@0[0]'
[    3.981618] omap_hsmmc 47810000.mmc: using lookup tables for GPIO lookup
[    3.988390] omap_hsmmc 47810000.mmc: No GPIO consumer wp found
[    3.994704] omap_hsmmc 47810000.mmc: RX DMA channel request failed
[    4.008981] sdhci-pltfm: SDHCI platform and OF driver helper
[    4.015405] ledtrig-cpu: registered to indicate activity on CPUs
[    4.024142] hidraw: raw HID events driver (C) Jiri Kosina
[    4.031461] usbcore: registered new interface driver usbhid
[    4.037219] usbhid: USB HID core driver
[    4.041570] ashmem: initialized
[    4.046490] gnss: GNSS driver registered with major 240
[    4.052583] oprofile: using arm/armv7
[    4.056457] mmc1: new high speed MMC card at address 0001
[    4.062087] u32 classifier
[    4.064809]     input device check on
[    4.068484]     Actions configured
[    4.073284] mmcblk1: mmc1:0001 MK2704 3.53 GiB
[    4.078404] mmcblk1boot0: mmc1:0001 MK2704 partition 1 2.00 MiB
[    4.085984] xt_time: kernel timezone is -0000
[    4.091162] mmcblk1boot1: mmc1:0001 MK2704 partition 2 2.00 MiB
[    4.097616] ipip: IPv4 and MPLS over IPv4 tunneling driver
[    4.103336] mmcblk1rpmb: mmc1:0001 MK2704 partition 3 512 KiB, chardev (245:0)
[    4.111414] gre: GRE over IPv4 demultiplexor driver
[    4.116325] ip_gre: GRE over IPv4 tunneling driver
[    4.125006] IPv4 over IPsec tunneling driver
[    4.129747]  mmcblk1: p1
[    4.136365] Initializing XFRM netlink socket
[    4.143867] IPsec XFRM device driver
[    4.147642] NET: Registered protocol family 10
[    4.154503] Segment Routing with IPv6
[    4.158347] mip6: Mobile IPv6
[    4.162936] sit: IPv6, IPv4 and MPLS over IPv4 tunneling driver
[    4.170747] ip6_gre: GRE over IPv6 tunneling driver
[    4.176469] NET: Registered protocol family 17
[    4.181160] NET: Registered protocol family 15
[    4.185781] l2tp_core: L2TP core driver, V2.0
[    4.190270] tipc: Activated (version 2.0.0)
[    4.194612] NET: Registered protocol family 30
[    4.199360] tipc: Started in single node mode
[    4.203793] Key type dns_resolver registered
[    4.208206] ThumbEE CPU extension supported.
[    4.212625] Registering SWP/SWPB emulation handler
[    4.217447] omap_voltage_late_init: Voltage driver support not added
[    4.223901] sr_dev_init: Unknown instance smartreflex0
[    4.229442] SmartReflex Class3 initialized
[    4.234316] registered taskstats version 1
[    4.238443] Loading compiled-in X.509 certificates
[    4.243450] Key type ._fscrypt registered
[    4.247478] Key type .fscrypt registered
[    4.251456] Key type fscrypt-provisioning registered
[    4.321926] tps65217 0-0024: TPS65217 ID 0xe version 1.2
[    4.328090] omap_i2c 44e0b000.i2c: bus 0 rev0.11 at 400 kHz
[    4.336212] omap_i2c 4819c000.i2c: bus 2 rev0.11 at 100 kHz
[    4.347320] Freeing unused kernel memory: 1024K
[    4.352937] Run /init as init process
[    4.366975] init: init first stage started!
[    4.371849] init: Unable to open /lib/modules, skipping module loading.
[    4.381481] init: Using Android DT directory /proc/device-tree/firmware/android/
[    4.391855] init: [libfs_mgr]ReadDefaultFstab(): failed to find device default fstab
[    4.441430] init: DSU not detected, proceeding with normal boot
[    4.449578] init: [libfs_mgr]superblock s_max_mnt_count:65535,/dev/block/mmcblk0p2
[    4.465846] EXT4-fs (mmcblk0p2): mounted filesystem without journal. Opts: barrier=1,inode_readahead_blks=8
[    4.476055] init: [libfs_mgr]__mount(source=/dev/block/mmcblk0p2,target=/system,type=ext4)=0: Success
[    4.486623] init: Switching root to '/system'
[    4.500987] init: [libfs_mgr]superblock s_max_mnt_count:65535,/dev/block/mmcblk0p3
[    4.518168] EXT4-fs (mmcblk0p3): mounted filesystem without journal. Opts: barrier=1,inode_readahead_blks=8
[    4.528359] init: [libfs_mgr]__mount(source=/dev/block/mmcblk0p3,target=/vendor,type=ext4)=0: Success
[    4.572974] printk: init: 1 output lines suppressed due to ratelimiting
[    5.042258] init: [libfs_mgr]ReadDefaultFstab(): failed to find device default fstab
[    5.051159] init: Skipping mount of system_ext, system is not dynamic.
[    5.057838] init: Loading SELinux policy
[    5.152369] SELinux:  Permission nlmsg_getneigh in class netlink_route_socket not defined in policy.
[    5.162212] SELinux: the above unknown classes and permissions will be denied
[    5.169540] SELinux:  policy capability network_peer_controls=1
[    5.175486] SELinux:  policy capability open_perms=1
[    5.180505] SELinux:  policy capability extended_socket_class=1
[    5.186450] SELinux:  policy capability always_check_network=0
[    5.192329] SELinux:  policy capability cgroup_seclabel=0
[    5.197750] SELinux:  policy capability nnp_nosuid_transition=1
[    5.515342] audit: type=1403 audit(5.490:2): auid=4294967295 ses=4294967295 lsm=selinux res=1
[    5.524648] selinux: SELinux: Loaded policy from /vendor/etc/selinux/precompiled_sepolicy
[    5.533068] selinux:
[    5.549691] selinux: SELinux: Loaded file_contexts
[    5.554551] selinux:
[    5.651156] init: init second stage started!
[    5.741432] init: Using Android DT directory /proc/device-tree/firmware/android/
[    5.777700] init: Couldn't load property file '/factory/factory.prop': open() failed: No such file or directory: No such file or directory
[    5.794456] init: Setting product property ro.product.brand to 'Android' (from ro.product.product.brand)
[    5.804333] init: Setting product property ro.product.device to 'beagle_bb' (from ro.product.product.device)
[    5.814463] init: Setting product property ro.product.manufacturer to 'Texas Instruments Inc' (from ro.product.product.manufacturer)
[    5.826579] init: Setting product property ro.product.model to 'AOSP on BeagleBoard Bone Black' (from ro.product.product.model)
[    5.838239] init: Setting product property ro.product.name to 'beagle_bb' (from ro.product.product.name)
[    5.847946] init: Setting property 'ro.build.fingerprint' to 'Android/beagle_bb/beagle_bb:11/RP1A.201005.004/eng.deepak.20240411.140333:userdebug/test-keys'
[    5.871944] selinux: SELinux: Loaded file_contexts
[    6.275010] cgroup1: Unknown subsys name 'schedtune'
[    6.388957] linkerconfig (100) used greatest stack depth: 5608 bytes left
[    6.577122] ueventd: ueventd started!
[    6.603175] selinux: SELinux: Loaded file_contexts
[    6.608040] selinux:
[    6.619663] ueventd: Parsing file /system/etc/ueventd.rc...
[    6.641667] ueventd: Parsing file /vendor/ueventd.rc...
[    6.659238] ueventd: Parsing file /odm/ueventd.rc...
[    6.664378] ueventd: Unable to read config file '/odm/ueventd.rc': open() failed: No such file or directory
[    6.683406] ueventd: Parsing file /ueventd.unknown.rc...
[    6.689107] ueventd: Unable to read config file '/ueventd.unknown.rc': open() failed: No such file or directory
[    6.703911] ueventd: [libfs_mgr]ReadDefaultFstab(): failed to find device default fstab
[    6.757650] apexd: This device does not support updatable APEX. Exiting
[    7.045244] boringssl_self_ (103) used greatest stack depth: 5516 bytes left
[    7.089412] audit: type=1400 audit(7.070:3): avc:  denied  { dac_read_search } for  pid=104 comm="boringssl_self_" capability=2  scontext=u:r:vendor_boringssl_self_test:s0 tcontext=u:r:vendor_boringssl_self_test:s0 tclass=capability permissive=1
[    7.179080] audit: type=1400 audit(7.090:4): avc:  denied  { read } for  pid=104 comm="boringssl_self_" name="data" dev="mmcblk0p2" ino=19 scontext=u:r:vendor_boringssl_self_test:s0 tcontext=u:object_r:system_data_root_file:s0 tclass=dir permissive=1
[    7.450595] audit: type=1400 audit(7.430:5): avc:  denied  { write } for  pid=1 comm="init" name="alignment" dev="proc" ino=4026531924 scontext=u:r:init:s0 tcontext=u:object_r:proc:s0 tclass=file permissive=1
console:/ $ [    8.136889] DEBUG: *** *** *** *** *** *** *** *** *** *** *** *** *** *** *** ***
[    8.137444] DEBUG: Build fingerprint: 'Android/beagle_bb/beagle_bb:11/RP1A.201005.004/eng.deepak.20240411.140333:userdebug/test-keys'
[    8.146598] crash_dump32 (116) used greatest stack depth: 5380 bytes left
[    8.184698] DEBUG: *** *** *** *** *** *** *** *** *** *** *** *** *** *** *** ***
[    8.185182] DEBUG: Build fingerprint: 'Android/beagle_bb/beagle_bb:11/RP1A.201005.004/eng.deepak.20240411.140333:userdebug/test-keys'
[    8.219561] DEBUG: Revision: '0'
[    8.232298] DEBUG: Revision: '0'
[    8.235748] DEBUG: ABI: 'arm'
[    8.259670] DEBUG: Timestamp: 1970-01-01 00:00:08+0000
[    8.262895] DEBUG: pid: 110, tid: 110, name: hwservicemanage  >>> /system/bin/hwservicemanager <<<
[    8.268243] DEBUG: uid: 1000
[    8.277730] DEBUG: ABI: 'arm'
[    8.289803] DEBUG: Timestamp: 1970-01-01 00:00:08+0000
[    8.293054] DEBUG: pid: 109, tid: 109, name: servicemanager  >>> /system/bin/servicemanager <<<
[    8.298378] DEBUG: uid: 1000
[    8.329597] DEBUG: signal 6 (SIGABRT), code -1 (SI_QUEUE), fault addr --------
[    8.332952] DEBUG: Abort message: 'Binder driver could not be opened. Terminating.'
[    8.345901] DEBUG: *** *** *** *** *** *** *** *** *** *** *** *** *** *** *** ***
[    8.359288] DEBUG: signal 6 (SIGABRT), code -1 (SI_QUEUE), fault addr --------
[    8.370468] DEBUG: Build fingerprint: 'Android/beagle_bb/beagle_bb:11/RP1A.201005.004/eng.deepak.20240411.140333:userdebug/test-keys'
[    8.379275] DEBUG:     r0  00000000  r1  0000006e  r2  00000006  r3  bed0bf48
[    8.392891] DEBUG: Abort message: 'Binder driver '/dev/binder' could not be opened.  Terminating.'
[    8.419521] DEBUG: Revision: '0'
[    8.429279] DEBUG:     r0  00000000  r1  0000006d  r2  00000006  r3  bee1e050
[    8.432725] DEBUG:     r4  bee1e064  r5  bee1e048  r6  0000006d  r7  0000016b
[    8.440330] DEBUG:     r4  bed0bf5c  r5  bed0bf40  r6  0000006e  r7  0000016b
[    8.447682] DEBUG:     r8  bed0bf48  r9  bed0bf58  r10 bed0bf78  r11 bed0bf68
[    8.459077] DEBUG: ABI: 'arm'
[    8.466815] DEBUG: Timestamp: 1970-01-01 00:00:08+0000
[    8.474610] DEBUG:     r8  bee1e050  r9  bee1e060  r10 bee1e080  r11 bee1e070
[    8.481869] DEBUG:     ip  0000006d  sp  bee1e020  lr  adcfea01  pc  adcfea14
[    8.492561] DEBUG:     ip  0000006e  sp  bed0bf18  lr  ad0baa01  pc  ad0baa14
[    8.500361] DEBUG: pid: 115, tid: 115, name: vdc  >>> /system/bin/vdc <<<
[    8.507708] DEBUG: uid: 1000
[    8.559394] DEBUG: signal 6 (SIGABRT), code -1 (SI_QUEUE), fault addr --------
[    8.562883] DEBUG: Abort message: 'Binder driver '/dev/binder' could not be opened.  Terminating.'
[    8.608223] DEBUG:     r0  00000000  r1  00000073  r2  00000006  r3  bee55e88
[    8.644684] DEBUG:     r4  bee55e9c  r5  bee55e80  r6  00000073  r7  0000016b
[    8.661337] DEBUG:
[    8.678045] DEBUG: *** *** *** *** *** *** *** *** *** *** *** *** *** *** *** ***
[    8.678522] DEBUG: Build fingerprint: 'Android/beagle_bb/beagle_bb:11/RP1A.201005.004/eng.deepak.20240411.140333:userdebug/test-keys'
[    8.699557] DEBUG:     r8  bee55e88  r9  bee55e98  r10 bee55eb8  r11 bee55ea8
[    8.711948] DEBUG: backtrace:
[    8.724799] DEBUG:
[    8.730662] DEBUG: Revision: '0'
[    8.730877] DEBUG: ABI: 'arm'
[    8.734603] DEBUG: Timestamp: 1970-01-01 00:00:08+0000
[    8.737765] DEBUG: pid: 113, tid: 113, name: vold  >>> /system/bin/vold <<<
[    8.743439] DEBUG:     ip  00000073  sp  bee55e58  lr  a730fa01  pc  a730fa14
[    8.751019] DEBUG:       #00 pc 00038a14  /apex/com.android.runtime/lib/bionic/libc.so (abort+172) (BuildId: 53f341db503cb20cc8776c067ff091a0)
[    8.758881] DEBUG: backtrace:
[    8.779368] DEBUG: uid: 0
[    8.782583] DEBUG: signal 6 (SIGABRT), code -1 (SI_QUEUE), fault addr --------
[    8.785699] DEBUG: Abort message: 'Binder driver could not be opened. Terminating.'
[    8.793604] DEBUG:       #01 pc 00004c17  /system/lib/liblog.so (__android_log_default_aborter+6) (BuildId: 7341d20174ef220fb095f2b4b7ae915b)
[    8.809492] DEBUG:       #02 pc 00005337  /system/lib/liblog.so (__android_log_assert+174) (BuildId: 7341d20174ef220fb095f2b4b7ae915b)
[    8.822845] DEBUG:       #00 pc 00038a14  /apex/com.android.runtime/lib/bionic/libc.so (abort+172) (BuildId: 53f341db503cb20cc8776c067ff091a0)
[    8.839329] DEBUG:     r0  00000000  r1  00000071  r2  00000006  r3  bedfef58
[    8.859540] DEBUG:       #03 pc 00052abb  /system/lib/libbinder.so (android::ProcessState::ProcessState(char const*)+250) (BuildId: 5c22a160196263141cb4a4a2c57279e8)
[    8.867017] DEBUG:       #04 pc 00052b83  /system/lib/libbinder.so (android::ProcessState::initWithDriver(char const*)+150) (BuildId: 5c22a160196263141cb4a4a2c57279e8)
[    8.882482] DEBUG:       #01 pc 00004c17  /system/lib/liblog.so (__android_log_default_aborter+6) (BuildId: 7341d20174ef220fb095f2b4b7ae915b)
[    8.909487] DEBUG:     r4  bedfef6c  r5  bedfef50  r6  00000071  r7  0000016b
[    8.939532] DEBUG:       #02 pc 00005337  /system/lib/liblog.so (__android_log_assert+174) (BuildId: 7341d20174ef220fb095f2b4b7ae915b)
[    8.947290] DEBUG:       #03 pc 00076f9f  /system/lib/libhidlbase.so (android::hardware::ProcessState::ProcessState(unsigned int)+250) (BuildId: 8330c2d9f66f37e77ae526b78b100dfe)
[    8.960059] DEBUG:     r8  bedfef58  r9  bedfef68  r10 bedfef88  r11 bedfef78
[    8.979454] DEBUG:       #05 pc 0000806f  /system/bin/servicemanager (main+54) (BuildId: 062acf0529f7c24b0ac3052997b25640)
[    8.987193] DEBUG:       #06 pc 00033237  /apex/com.android.runtime/lib/bionic/libc.so (__libc_init+66) (BuildId: 53f341db503cb20cc8776c067ff091a0)
[    9.012914] DEBUG:
[    9.029051] DEBUG:     ip  00000071  sp  bedfef28  lr  ad892a01  pc  ad892a14
[    9.039621] DEBUG:       #04 pc 00076e87  /system/lib/libhidlbase.so (android::hardware::ProcessState::self()+98) (BuildId: 8330c2d9f66f37e77ae526b78b100dfe)
[    9.047204] DEBUG:       #05 pc 0006ea21  /system/lib/libhidlbase.so (android::hardware::IPCThreadState::IPCThreadState()+28) (BuildId: 8330c2d9f66f37e77ae526b78b100dfe)
[    9.089020] DEBUG: backtrace:
[    9.119489] DEBUG:       #06 pc 00008061  /system/bin/hwservicemanager (android::hidl::manager::implementation::getBinderCallingContext()+8) (BuildId: 9c410222fd572abc7364e07388806947)
[    9.122952] DEBUG:       #07 pc 00008efd  /system/bin/hwservicemanager (android::hidl::manager::implementation::ServiceManager::add(android::hardware::hidl_string const&, android::sp<android::hidl::base::V1_0::IBase> const&)+52) (BuildId: 9c410222fd572abc7364e07388806947)
[    9.149525] DEBUG:       #00 pc 00038a14  /apex/com.android.runtime/lib/bionic/libc.so (abort+172) (BuildId: 53f341db503cb20cc8776c067ff091a0)
[    9.210022] DEBUG:       #08 pc 00007303  /system/bin/hwservicemanager (main+298) (BuildId: 9c410222fd572abc7364e07388806947)
[    9.249713] DEBUG:       #01 pc 0000c4cb  /system/lib/libbase.so (android::base::DefaultAborter(char const*)+6) (BuildId: f96fd0f9724a7387eab086062ea49ac1)
[    9.261822] DEBUG:       #09 pc 00033237  /apex/com.android.runtime/lib/bionic/libc.so (__libc_init+66) (BuildId: 53f341db503cb20cc8776c067ff091a0)
[    9.276713] potentially unexpected fatal signal 6.
[    9.307321] DEBUG:
[    9.309801] CPU: 0 PID: 109 Comm: servicemanager Not tainted 5.4.268-android11-2-00008-g66f4b04cb072-dirty #1
[    9.319855] Hardware name: Generic AM33XX (Flattened Device Tree)
[    9.325989] PC is at 0xadcfea14
[    9.329202] LR is at 0xadcfea01
[    9.332357] pc : [<adcfea14>]    lr : [<adcfea01>]    psr: 00000030
[    9.338650] sp : bee1e020  ip : 0000006d  fp : bee1e070
[    9.343924] r10: bee1e080  r9 : bee1e060  r8 : bee1e050
[    9.349190] r7 : 0000016b  r6 : 0000006d  r5 : bee1e048  r4 : bee1e064
[    9.355746] r3 : bee1e050  r2 : 00000006  r1 : 0000006d  r0 : 00000000
[    9.362322] Flags: nzcv  IRQs on  FIQs on  Mode USER_32  ISA Thumb  Segment user
[    9.369768] Control: 10c5387d  Table: 9d7cc019  DAC: 00000055
[    9.375543] CPU: 0 PID: 109 Comm: servicemanager Not tainted 5.4.268-android11-2-00008-g66f4b04cb072-dirty #1
[    9.385497] Hardware name: Generic AM33XX (Flattened Device Tree)
[    9.391654] [<c0114174>] (unwind_backtrace) from [<c010e12c>] (show_stack+0x10/0x14)
[    9.399444] [<c010e12c>] (show_stack) from [<c0d963c4>] (dump_stack+0xa8/0xdc)
[    9.406716] [<c0d963c4>] (dump_stack) from [<c015c19c>] (get_signal+0x7ac/0xa2c)
[    9.414150] [<c015c19c>] (get_signal) from [<c010d168>] (do_work_pending+0x150/0x560)
[    9.422019] [<c010d168>] (do_work_pending) from [<c010106c>] (slow_work_pending+0xc/0x20)
[    9.430230] Exception stack(0xdd77dfb0 to 0xdd77dff8)
[    9.435307] dfa0:                                     00000000 0000006d 00000006 bee1e050
[    9.443525] dfc0: bee1e064 bee1e048 0000006d 0000016b bee1e050 bee1e060 bee1e080 bee1e070
[    9.451741] dfe0: 0000006d bee1e020 adcfea01 adcfea14 00000030 00000000
[    9.459456] DEBUG:       #02 pc 0000d991  /system/lib/libbase.so (android::base::SetAborter(std::__1::function<void (char const*)>&&)::$_3::__invoke(char const*)+48) (BuildId: f96fd0f9724a7387eab086062ea49ac1)
[    9.459753] DEBUG:       #03 pc 00005337  /system/lib/liblog.so (__android_log_assert+174) (BuildId: 7341d20174ef220fb095f2b4b7ae915b)
[    9.478748] DEBUG: backtrace:
[    9.509371] DEBUG:       #00 pc 00038a14  /apex/com.android.runtime/lib/bionic/libc.so (abort+172) (BuildId: 53f341db503cb20cc8776c067ff091a0)
[    9.513012] DEBUG:       #01 pc 0000c4cb  /system/lib/libbase.so (android::base::DefaultAborter(char const*)+6) (BuildId: f96fd0f9724a7387eab086062ea49ac1)
[    9.529509] DEBUG:       #04 pc 00052abb  /system/lib/libbinder.so (android::ProcessState::ProcessState(char const*)+250) (BuildId: 5c22a160196263141cb4a4a2c57279e8)
[    9.560305] DEBUG:       #02 pc 0000d991  /system/lib/libbase.so (android::base::SetAborter(std::__1::function<void (char const*)>&&)::$_3::__invoke(char const*)+48) (BuildId: f96fd0f9724a7387eab086062ea49ac1)
[    9.579373] DEBUG:       #05 pc 0005294f  /system/lib/libbinder.so (android::ProcessState::self()+74) (BuildId: 5c22a160196263141cb4a4a2c57279e8)
[    9.608250] audit: type=1400 audit(9.580:6): avc:  denied  { read } for  pid=120 comm="crash_dump32" name="status" dev="selinuxfs" ino=19 scontext=u:r:crash_dump:s0 tcontext=u:object_r:selinuxfs:s0 tclass=file permissive=1
[    9.649454] DEBUG:       #03 pc 00005337  /system/lib/liblog.so (__android_log_assert+174) (BuildId: 7341d20174ef220fb095f2b4b7ae915b)
[    9.649764] DEBUG:       #04 pc 00076f9f  /system/lib/libhidlbase.so (android::hardware::ProcessState::ProcessState(unsigned int)+250) (BuildId: 8330c2d9f66f37e77ae526b78b100dfe)
[    9.669605] DEBUG:       #06 pc 0003d777  /system/lib/libbinder.so (void std::__1::__call_once_proxy<std::__1::tuple<android::defaultServiceManager()::$_0&&> >(void*)+62) (BuildId: 5c22a160196263141cb4a4a2c57279e8)
[    9.687972] DEBUG:       #05 pc 00076e87  /system/lib/libhidlbase.so (android::hardware::ProcessState::self()+98) (BuildId: 8330c2d9f66f37e77ae526b78b100dfe)
[    9.707947] potentially unexpected fatal signal 6.
[    9.743002] DEBUG:       #07 pc 00068781  /system/lib/libc++.so (std::__1::__call_once(unsigned long volatile&, void*, void (*)(void*))+76) (BuildId: 89f7bff5c7ffd01410262f67474407d7)
[    9.743288] DEBUG:       #08 pc 0003c0f5  /system/lib/libbinder.so (android::defaultServiceManager()+48) (BuildId: 5c22a160196263141cb4a4a2c57279e8)
[    9.760013] CPU: 0 PID: 110 Comm: hwservicemanage Not tainted 5.4.268-android11-2-00008-g66f4b04cb072-dirty #1
[    9.783510] Hardware name: Generic AM33XX (Flattened Device Tree)
[    9.789666] PC is at 0xad0baa14
[    9.792820] LR is at 0xad0baa01
[    9.795974] pc : [<ad0baa14>]    lr : [<ad0baa01>]    psr: 00000030
[    9.802292] sp : bed0bf18  ip : 0000006e  fp : bed0bf68
[    9.807539] r10: bed0bf78  r9 : bed0bf58  r8 : bed0bf48
[    9.812806] r7 : 0000016b  r6 : 0000006e  r5 : bed0bf40  r4 : bed0bf5c
[    9.819380] r3 : bed0bf48  r2 : 00000006  r1 : 0000006e  r0 : 00000000
[    9.825938] Flags: nzcv  IRQs on  FIQs on  Mode USER_32  ISA Thumb  Segment user
[    9.833385] Control: 10c5387d  Table: 9d780019  DAC: 00000055
[    9.839180] CPU: 0 PID: 110 Comm: hwservicemanage Not tainted 5.4.268-android11-2-00008-g66f4b04cb072-dirty #1
[    9.849222] Hardware name: Generic AM33XX (Flattened Device Tree)
[    9.855376] [<c0114174>] (unwind_backtrace) from [<c010e12c>] (show_stack+0x10/0x14)
[    9.863164] [<c010e12c>] (show_stack) from [<c0d963c4>] (dump_stack+0xa8/0xdc)
[    9.870436] [<c0d963c4>] (dump_stack) from [<c015c19c>] (get_signal+0x7ac/0xa2c)
[    9.877871] [<c015c19c>] (get_signal) from [<c010d168>] (do_work_pending+0x150/0x560)
[    9.885741] [<c010d168>] (do_work_pending) from [<c010106c>] (slow_work_pending+0xc/0x20)
[    9.893954] Exception stack(0xdd759fb0 to 0xdd759ff8)
[    9.899029] 9fa0:                                     00000000 0000006e 00000006 bed0bf48
[    9.907246] 9fc0: bed0bf5c bed0bf40 0000006e 0000016b bed0bf48 bed0bf58 bed0bf78 bed0bf68
[    9.915462] 9fe0: 0000006e bed0bf18 ad0baa01 ad0baa14 00000030 00000000
[    9.922208] audit: type=1400 audit(9.620:7): avc:  denied  { open } for  pid=120 comm="crash_dump32" path="/sys/fs/selinux/status" dev="selinuxfs" ino=19 scontext=u:r:crash_dump:s0 tcontext=u:object_r:selinuxfs:s0 tclass=file permissive=1
[    9.944117] DEBUG:       #06 pc 0003ced9  /system/lib/libhidlbase.so (android::hardware::configureBinderRpcThreadpool(unsigned int, bool)+20) (BuildId: 8330c2d9f66f37e77ae526b78b100dfe)
[    9.944570] DEBUG:       #07 pc 0001f8df  /system/bin/vold (main+2146) (BuildId: 2ff6d02eeb9b21e3d6246b94b6db3d9f)
[    9.961728] DEBUG:       #09 pc 0000492b  /system/bin/vdc (main+542) (BuildId: 87d93458e52a995526eae7f826d2c949)
[    9.972611] DEBUG:       #08 pc 00033237  /apex/com.android.runtime/lib/bionic/libc.so (__libc_init+66) (BuildId: 53f341db503cb20cc8776c067ff091a0)
[    9.983277] DEBUG:       #10 pc 00033237  /apex/com.android.runtime/lib/bionic/libc.so (__libc_init+66) (BuildId: 53f341db503cb20cc8776c067ff091a0)
[   10.108537] logd.auditd: start
[   10.219991] logd: logdr: UID=1000 GID=1000 PID=127 n tail=50 logMask=8 pid=115 start=0ns timeout=0ns
[   10.661833] init: starting service 'dumpstate'...
[   10.669950] init: Created socket '/dev/socket/dumpstate', mode 660, user 2000, group 1007
[   10.726741] init: starting service 'dumpstatez'...
[   10.732715] logd: logdr: UID=0 GID=0 PID=132 n tail=50 logMask=8 pid=113 start=0ns timeout=0ns
[   10.754670] init: Created socket '/dev/socket/dumpstate', mode 660, user 2000, group 1007
[   10.815121] init: starting service 'bugreportd'...
[   10.821277] logd.klogd: 10802545626
[   10.937328] init: starting service 'idmap2d'...
[   11.072706] init: starting service 'incidentd'...
[   11.221598] init: starting service 'installd'...
[   11.365390] init: starting service 'iorapd'...
[   11.515485] init: Sending signal 9 to service 'keystore' (pid 145) process group...
[   11.670138] logd: logdr: UID=1000 GID=1000 PID=127 n tail=50 logMask=1 pid=115 start=0ns timeout=0ns
[   12.107359] mediaserver (141) used greatest stack depth: 5264 bytes left
[   12.298637] DEBUG: *** *** *** *** *** *** *** *** *** *** *** *** *** *** *** ***
[   12.330282] DEBUG: Build fingerprint: 'Android/beagle_bb/beagle_bb:11/RP1A.201005.004/eng.deepak.20240411.140333:userdebug/test-keys'
[   12.387611] DEBUG: *** *** *** *** *** *** *** *** *** *** *** *** *** *** *** ***
[   12.455892] DEBUG: Revision: '0'
[   12.595838] DEBUG: ABI: 'arm'
[   12.603128] DEBUG: Build fingerprint: 'Android/beagle_bb/beagle_bb:11/RP1A.201005.004/eng.deepak.20240411.140333:userdebug/test-keys'
[   12.606439] DEBUG: Revision: '0'
[   12.637659] DEBUG: Timestamp: 1970-01-01 00:00:12+0000
[   12.666490] DEBUG: *** *** *** *** *** *** *** *** *** *** *** *** *** *** *** ***
[   12.699416] DEBUG: pid: 151, tid: 151, name: idmap2d  >>> /system/bin/idmap2d <<<
[   12.707253] DEBUG: uid: 1000
[   12.791971] DEBUG: Build fingerprint: 'Android/beagle_bb/beagle_bb:11/RP1A.201005.004/eng.deepak.20240411.140333:userdebug/test-keys'
[   12.795277] DEBUG: Revision: '0'
[   12.809303] DEBUG: ABI: 'arm'
[   12.813158] DEBUG: Timestamp: 1970-01-01 00:00:12+0000
[   12.816692] DEBUG: pid: 150, tid: 150, name: dumpstate  >>> /system/bin/dumpstate <<<
[   12.947259] DEBUG: signal 6 (SIGABRT), code -1 (SI_QUEUE), fault addr --------
[   12.979113] logd: logdr: UID=0 GID=0 PID=132 n tail=50 logMask=1 pid=113 start=0ns timeout=0ns
[   13.039367] DEBUG: uid: 0
[   13.039590] DEBUG: signal 6 (SIGABRT), code -1 (SI_QUEUE), fault addr --------
[   13.042919] DEBUG: Abort message: 'Binder driver '/dev/binder' could not be opened.  Terminating.'
[   13.089508] DEBUG: ABI: 'arm'
[   13.099631] DEBUG: Timestamp: 1970-01-01 00:00:13+0000
[   13.102827] DEBUG: pid: 152, tid: 152, name: incidentd  >>> /system/bin/incidentd <<<
[   13.108135] DEBUG: uid: 1067
[   13.131057] DEBUG: Abort message: 'Binder driver '/dev/binder' could not be opened.  Terminating.'
[   13.134303] DEBUG:     r0  00000000  r1  00000097  r2  00000006  r3  be9d9fe8
[   13.270185] DEBUG:     r0  00000000  r1  00000096  r2  00000006  r3  be89e068
[   13.347037] DEBUG:     r4  be9d9ffc  r5  be9d9fe0  r6  00000097  r7  0000016b
[   13.378521] DEBUG:     r4  be89e07c  r5  be89e060  r6  00000096  r7  0000016b
[   13.486934] DEBUG: *** *** *** *** *** *** *** *** *** *** *** *** *** *** *** ***
[   13.505278] DEBUG:     r8  be9d9fe8  r9  be9d9ff8  r10 be9da018  r11 be9da008
[   13.540055] DEBUG:     r8  be89e068  r9  be89e078  r10 be89e098  r11 be89e088
[   13.574257] DEBUG: signal 6 (SIGABRT), code -1 (SI_QUEUE), fault addr --------
[   13.646045] DEBUG:     ip  00000097  sp  be9d9fb8  lr  b39cfa01  pc  b39cfa14
[   13.679504] DEBUG:     ip  00000096  sp  be89e038  lr  b3f3aa01  pc  b3f3aa14
[   13.692401] DEBUG: Build fingerprint: 'Android/beagle_bb/beagle_bb:11/RP1A.201005.004/eng.deepak.20240411.140333:userdebug/test-keys'
[   13.719552] DEBUG: Abort message: 'Binder driver '/dev/binder' could not be opened.  Terminating.'
[   13.764862] DEBUG: *** *** *** *** *** *** *** *** *** *** *** *** *** *** *** ***
[   13.855470] DEBUG: Revision: '0'
[   13.989444] DEBUG:     r0  00000000  r1  00000098  r2  00000006  r3  bec14080
[   13.992935] DEBUG:     r4  bec14094  r5  bec14078  r6  00000098  r7  0000016b
[   14.052248] DEBUG: ABI: 'arm'
[   14.065251] DEBUG: Build fingerprint: 'Android/beagle_bb/beagle_bb:11/RP1A.201005.004/eng.deepak.20240411.140333:userdebug/test-keys'
[   14.153034] DEBUG: Revision: '0'
[   14.222628] DEBUG: Timestamp: 1970-01-01 00:00:14+0000
[   14.226306] DEBUG: pid: 155, tid: 155, name: iorapd  >>> /system/bin/iorapd <<<
[   14.232180] DEBUG:     r8  bec14080  r9  bec14090  r10 bec140b0  r11 bec140a0
[   14.416272] DEBUG:     ip  00000098  sp  bec14050  lr  b5678a01  pc  b5678a14
[   14.425518] DEBUG: ABI: 'arm'
[   14.434415] DEBUG: uid: 1071
[   14.437620] DEBUG: signal 6 (SIGABRT), code -1 (SI_QUEUE), fault addr --------
[   14.584256] DEBUG:
[   14.594590] DEBUG: Abort message: 'Failed to open DB: unable to open database file'
[   14.594839] DEBUG:     r0  00000000  r1  0000009b  r2  00000006  r3  bee513c8
[   14.603271] DEBUG: Timestamp: 1970-01-01 00:00:14+0000
[   14.736287] DEBUG: pid: 162, tid: 162, name: mediametrics  >>> media.metrics <<<
[   14.779439] DEBUG:     r4  bee513dc  r5  bee513c0  r6  0000009b  r7  0000016b
[   14.787114] DEBUG:     r8  bee513c8  r9  bee513d8  r10 bee513f8  r11 bee513e8
[   14.863864] DEBUG: backtrace:
[   14.889405] DEBUG: uid: 1013
[   14.892631] DEBUG: signal 6 (SIGABRT), code -1 (SI_QUEUE), fault addr --------
[   14.896103] DEBUG: Abort message: 'Binder driver '/dev/binder' could not be opened.  Terminating.'
[   14.903980] DEBUG: *** *** *** *** *** *** *** *** *** *** *** *** *** *** *** ***
[   14.935545] DEBUG:
[   14.966786] DEBUG: *** *** *** *** *** *** *** *** *** *** *** *** *** *** *** ***
[   14.967298] DEBUG: Build fingerprint: 'Android/beagle_bb/beagle_bb:11/RP1A.201005.004/eng.deepak.20240411.140333:userdebug/test-keys'
[   15.062090] DEBUG:       #00 pc 00038a14  /apex/com.android.runtime/lib/bionic/libc.so (abort+172) (BuildId: 53f341db503cb20cc8776c067ff091a0)
[   15.148079] DEBUG: Build fingerprint: 'Android/beagle_bb/beagle_bb:11/RP1A.201005.004/eng.deepak.20240411.140333:userdebug/test-keys'
[   15.189866] DEBUG:     ip  0000009b  sp  bee51398  lr  ab6cda01  pc  ab6cda14
[   15.225849] DEBUG: *** *** *** *** *** *** *** *** *** *** *** *** *** *** *** ***
[   15.309512] DEBUG:     r0  00000000  r1  000000a2  r2  00000006  r3  beab1008
[   15.317363] DEBUG:     r4  beab101c  r5  beab1000  r6  000000a2  r7  0000016b
[   15.324679] DEBUG: backtrace:
[   15.389515] DEBUG: Revision: '0'
[   15.392741] DEBUG: ABI: 'arm'
[   15.396684] DEBUG: Timestamp: 1970-01-01 00:00:15+0000
[   15.429604] DEBUG:       #01 pc 00004c17  /system/lib/liblog.so (__android_log_default_aborter+6) (BuildId: 7341d20174ef220fb095f2b4b7ae915b)
[   15.435056] DEBUG:       #02 pc 00005337  /system/lib/liblog.so (__android_log_assert+174) (BuildId: 7341d20174ef220fb095f2b4b7ae915b)
[   15.495639] DEBUG: *** *** *** *** *** *** *** *** *** *** *** *** *** *** *** ***
[   15.515756] DEBUG: Build fingerprint: 'Android/beagle_bb/beagle_bb:11/RP1A.201005.004/eng.deepak.20240411.140333:userdebug/test-keys'
[   15.564585] DEBUG:       #00 pc 00038a14  /apex/com.android.runtime/lib/bionic/libc.so (abort+172) (BuildId: 53f341db503cb20cc8776c067ff091a0)
[   15.579677] DEBUG: Revision: '0'
[   15.677271] init: starting service 'vendor.vibrator-default'...
[   15.696349] DEBUG: pid: 142, tid: 142, name: surfaceflinger  >>> /system/bin/surfaceflinger <<<
[   15.696545] DEBUG: uid: 1000
[   15.731127] DEBUG: Revision: '0'
[   15.769517] DEBUG:     r8  beab1008  r9  beab1018  r10 beab1038  r11 beab1028
[   15.773031] DEBUG:     ip  000000a2  sp  beab0fd8  lr  a7e10a01  pc  a7e10a14
[   15.787498] DEBUG: *** *** *** *** *** *** *** *** *** *** *** *** *** *** *** ***
[   15.804260] DEBUG: *** *** *** *** *** *** *** *** *** *** *** *** *** *** *** ***
[   15.896204] DEBUG: *** *** *** *** *** *** *** *** *** *** *** *** *** *** *** ***
[   15.917960] DEBUG: ABI: 'arm'
[   15.949542] DEBUG:       #01 pc 00004c17  /system/lib/liblog.so (__android_log_default_aborter+6) (BuildId: 7341d20174ef220fb095f2b4b7ae915b)
[   15.952828] DEBUG:       #02 pc 00005337  /system/lib/liblog.so (__android_log_assert+174) (BuildId: 7341d20174ef220fb095f2b4b7ae915b)
[   15.982375] DEBUG: ABI: 'arm'
[   16.006089] init: Command 'class_restart hal' action=onrestart (<Service 'hwservicemanager' onrestart>:3) took 2917ms and succeeded
[   16.029728] DEBUG: signal 6 (SIGABRT), code -1 (SI_QUEUE), fault addr --------
[   16.030197] DEBUG: Abort message: 'Binder driver could not be opened. Terminating.'
[   16.037712] DEBUG:     r0  00000000  r1  0000008e  r2  00000006  r3  beb5b050
[   16.046148] DEBUG:       #03 pc 00052abb  /system/lib/libbinder.so (android::ProcessState::ProcessState(char const*)+250) (BuildId: 5c22a160196263141cb4a4a2c57279e8)
[   16.054128] DEBUG: Build fingerprint: 'Android/beagle_bb/beagle_bb:11/RP1A.201005.004/eng.deepak.20240411.140333:userdebug/test-keys'
[   16.111826] DEBUG:
[   16.169847] DEBUG: Timestamp: 1970-01-01 00:00:16+0000
[   16.170239] DEBUG: pid: 189, tid: 189, name: android.hardwar  >>> /vendor/bin/hw/android.hardware.audio.service <<<
[   16.175614] DEBUG: uid: 1041
[   16.209798] DEBUG: Build fingerprint: 'Android/beagle_bb/beagle_bb:11/RP1A.201005.004/eng.deepak.20240411.140333:userdebug/test-keys'
[   16.213062] DEBUG: Revision: '0'
[   16.239837] DEBUG: Build fingerprint: 'Android/beagle_bb/beagle_bb:11/RP1A.201005.004/eng.deepak.20240411.140333:userdebug/test-keys'
[   16.243435] DEBUG: Revision: '0'
[   16.264841] DEBUG: Build fingerprint: 'Android/beagle_bb/beagle_bb:11/RP1A.201005.004/eng.deepak.20240411.140333:userdebug/test-keys'
[   16.275380] DEBUG: *** *** *** *** *** *** *** *** *** *** *** *** *** *** *** ***
[   16.303391] DEBUG:       #04 pc 0005294f  /system/lib/libbinder.so (android::ProcessState::self()+74) (BuildId: 5c22a160196263141cb4a4a2c57279e8)
[   16.350447] DEBUG: Revision: '0'
[   16.379880] DEBUG: Timestamp: 1970-01-01 00:00:16+0000
[   16.383554] DEBUG: pid: 188, tid: 188, name: android.hidl.al  >>> /system/bin/hw/android.hidl.allocator@1.0-service <<<
[   16.431326] DEBUG:       #03 pc 00052abb  /system/lib/libbinder.so (android::ProcessState::ProcessState(char const*)+250) (BuildId: 5c22a160196263141cb4a4a2c57279e8)
[   16.470429] init: starting service 'system_suspend'...
[   16.495656] DEBUG: Revision: '0'
[   16.495907] DEBUG: ABI: 'arm'
[   16.500010] DEBUG:       #05 pc 0003a847  /system/lib/libbinder.so (android::IPCThreadState::IPCThreadState()+6) (BuildId: 5c22a160196263141cb4a4a2c57279e8)
[   16.503327] DEBUG:       #06 pc 0000ff9b  /system/bin/dumpstate (android::os::DumpstateService::Start()+14) (BuildId: 31caa2effa8434aa77455457e1854a38)
[   16.517885] DEBUG:     r4  beb5b064  r5  beb5b048  r6  0000008e  r7  0000016b
[   16.538997] DEBUG: backtrace:
[   16.546726] DEBUG:       #00 pc 00038a14  /apex/com.android.runtime/lib/bionic/libc.so (abort+172) (BuildId: 53f341db503cb20cc8776c067ff091a0)
[   16.619352] DEBUG: ABI: 'arm'
[   16.639624] DEBUG: Timestamp: 1970-01-01 00:00:16+0000
[   16.642851] DEBUG: pid: 178, tid: 178, name: wificond  >>> /system/bin/wificond <<<
[   16.648164] DEBUG: uid: 1010
[   16.661646] DEBUG: *** *** *** *** *** *** *** *** *** *** *** *** *** *** *** ***
[   16.665071] DEBUG: Build fingerprint: 'Android/beagle_bb/beagle_bb:11/RP1A.201005.004/eng.deepak.20240411.140333:userdebug/test-keys'
[   16.675597] DEBUG: signal 6 (SIGABRT), code -1 (SI_QUEUE), fault addr --------
[   16.718148] DEBUG: *** *** *** *** *** *** *** *** *** *** *** *** *** *** *** ***
[   16.726065] DEBUG: ABI: 'arm'
[   16.739355] DEBUG: uid: 1000
[   16.742662] DEBUG: signal 6 (SIGABRT), code -1 (SI_QUEUE), fault addr --------
[   16.745999] DEBUG: Abort message: 'Binder driver could not be opened. Terminating.'
[   16.789793] DEBUG: Build fingerprint: 'Android/beagle_bb/beagle_bb:11/RP1A.201005.004/eng.deepak.20240411.140333:userdebug/test-keys'
[   16.797860] DEBUG: Revision: '0'
[   16.810594] DEBUG: ABI: 'arm'
[   16.814359] DEBUG: Timestamp: 1970-01-01 00:00:16+0000
[   16.817666] DEBUG: pid: 194, tid: 194, name: android.hardwar  >>> /vendor/bin/hw/android.hardware.cas@1.2-service <<<
[   16.832327] DEBUG:       #04 pc 0005294f  /system/lib/libbinder.so (android::ProcessState::self()+74) (BuildId: 5c22a160196263141cb4a4a2c57279e8)
[   16.855278] DEBUG:       #01 pc 00004c17  /system/lib/liblog.so (__android_log_default_aborter+6) (BuildId: 7341d20174ef220fb095f2b4b7ae915b)
[   16.889108] logd: logdr: UID=1000 GID=1000 PID=127 n tail=0 logMask=8 pid=115 start=0ns timeout=0ns
[   16.911570] DEBUG: *** *** *** *** *** *** *** *** *** *** *** *** *** *** *** ***
[   16.912195] DEBUG: Build fingerprint: 'Android/beagle_bb/beagle_bb:11/RP1A.201005.004/eng.deepak.20240411.140333:userdebug/test-keys'
[   16.939959] DEBUG: Timestamp: 1970-01-01 00:00:16+0000
[   16.956570] DEBUG:     r8  beb5b050  r9  beb5b060  r10 beb5b080  r11 beb5b070
[   17.005886] DEBUG: *** *** *** *** *** *** *** *** *** *** *** *** *** *** *** ***
[   17.029676] DEBUG: Abort message: 'Binder driver '/dev/vndbinder' could not be opened.  Terminating.'
[   17.037568] DEBUG:     r0  00000000  r1  000000bd  r2  00000006  r3  be823f68
[   17.049690] DEBUG: Timestamp: 1970-01-01 00:00:17+0000
[   17.057098] DEBUG: pid: 198, tid: 198, name: android.hardwar  >>> /vendor/bin/hw/android.hardware.dumpstate@1.1-service.example <<<
[   17.062860] DEBUG:       #07 pc 00032271  /system/bin/dumpstate (main+84) (BuildId: 31caa2effa8434aa77455457e1854a38)
[   17.075759] DEBUG: *** *** *** *** *** *** *** *** *** *** *** *** *** *** *** ***
[   17.086962] DEBUG: Revision: '0'
[   17.101159] DEBUG:     ip  0000008e  sp  beb5b020  lr  a7991a01  pc  a7991a14
[   17.109388] DEBUG:     r0  00000000  r1  000000bc  r2  00000006  r3  bef5b028
[   17.116827] DEBUG:     r4  bef5b03c  r5  bef5b020  r6  000000bc  r7  0000016b
[   17.129652] DEBUG:       #05 pc 0003d777  /system/lib/libbinder.so (void std::__1::__call_once_proxy<std::__1::tuple<android::defaultServiceManager()::$_0&&> >(void*)+62) (BuildId: 5c22a160196263141cb4a4a2c57279e8)
[   17.137326] DEBUG:       #06 pc 00068781  /system/lib/libc++.so (std::__1::__call_once(unsigned long volatile&, void*, void (*)(void*))+76) (BuildId: 89f7bff5c7ffd01410262f67474407d7)
[   17.159289] DEBUG: uid: 1013
[   17.176202] DEBUG: Revision: '0'
[   17.189418] DEBUG: signal 6 (SIGABRT), code -1 (SI_QUEUE), fault addr --------
[   17.193343] DEBUG: Abort message: 'Binder driver '/dev/binder' could not be opened.  Terminating.'
[   17.230537] DEBUG: Build fingerprint: 'Android/beagle_bb/beagle_bb:11/RP1A.201005.004/eng.deepak.20240411.140333:userdebug/test-keys'
[   17.261839] DEBUG: ABI: 'arm'
[   17.279700] DEBUG:       #02 pc 00005337  /system/lib/liblog.so (__android_log_assert+174) (BuildId: 7341d20174ef220fb095f2b4b7ae915b)
[   17.297568] init: starting service 'vendor.atrace-hal-1-0'...
[   17.322476] DEBUG: ABI: 'arm'
[   17.323052] DEBUG: Timestamp: 1970-01-01 00:00:17+0000
[   17.326398] DEBUG: pid: 190, tid: 190, name: android.hardwar  >>> /vendor/bin/hw/android.hardware.camera.provider@2.4-service <<<
[   17.339448] DEBUG: pid: 196, tid: 196, name: android.hardwar  >>> /vendor/bin/hw/android.hardware.drm@1.0-service <<<
[   17.360066] DEBUG: Build fingerprint: 'Android/beagle_bb/beagle_bb:11/RP1A.201005.004/eng.deepak.20240411.140333:userdebug/test-keys'
[   17.391527] DEBUG:       #03 pc 00052abb  /system/lib/libbinder.so (android::ProcessState::ProcessState(char const*)+250) (BuildId: 5c22a160196263141cb4a4a2c57279e8)
[   17.404342] DEBUG: ABI: 'arm'
[   17.429871] DEBUG: Build fingerprint: 'Android/beagle_bb/beagle_bb:11/RP1A.201005.004/eng.deepak.20240411.140333:userdebug/test-keys'
[   17.433208] DEBUG: Revision: '0'
[   17.467798] DEBUG:
[   17.479478] DEBUG:       #08 pc 00033237  /apex/com.android.runtime/lib/bionic/libc.so (__libc_init+66) (BuildId: 53f341db503cb20cc8776c067ff091a0)
[   17.491614] DEBUG: uid: 9999
[   17.549547] DEBUG: Revision: '0'
[   17.552689] DEBUG: ABI: 'arm'
[   17.556488] DEBUG: Timestamp: 1970-01-01 00:00:17+0000
[   17.562143] DEBUG:     r0  00000000  r1  000000b2  r2  00000006  r3  bea4af98
[   17.567552] DEBUG:     r4  bea4afac  r5  bea4af90  r6  000000b2  r7  0000016b
[   17.589474] DEBUG:     r8  bef5b028  r9  bef5b038  r10 bef5b058  r11 bef5b048
[   17.596913] DEBUG:     ip  000000bc  sp  bef5aff8  lr  a954da01  pc  a954da14
[   17.604613] DEBUG:     r4  be823f7c  r5  be823f60  r6  000000bd  r7  0000016b
[   17.636041] DEBUG: *** *** *** *** *** *** *** *** *** *** *** *** *** *** *** ***
[   17.644000] DEBUG: uid: 1047
[   17.656465] DEBUG: *** *** *** *** *** *** *** *** *** *** *** *** *** *** *** ***
[   17.659711] DEBUG: Timestamp: 1970-01-01 00:00:17+0000
[   17.679751] DEBUG: Build fingerprint: 'Android/beagle_bb/beagle_bb:11/RP1A.201005.004/eng.deepak.20240411.140333:userdebug/test-keys'
[   17.685261] DEBUG: Revision: '0'
[   17.699367] DEBUG: signal 6 (SIGABRT), code -1 (SI_QUEUE), fault addr --------
[   17.703088] DEBUG: Abort message: 'Binder driver could not be opened. Terminating.'
[   17.714140] DEBUG: uid: 1013
[   17.727315] DEBUG: Revision: '0'
[   17.759531] DEBUG:       #04 pc 0005294f  /system/lib/libbinder.so (android::ProcessState::self()+74) (BuildId: 5c22a160196263141cb4a4a2c57279e8)
[   17.763259] DEBUG:       #05 pc 0001b689  /system/bin/incidentd (main+32) (BuildId: a4dcff575a0b1e735efdaa9db63e6669)
[   17.801983] DEBUG: backtrace:
[   17.819239] DEBUG: ABI: 'arm'
[   17.822794] DEBUG: Timestamp: 1970-01-01 00:00:17+0000
[   17.826123] DEBUG: pid: 213, tid: 213, name: android.hardwar  >>> /vendor/bin/hw/android.hardware.usb@1.0-service <<<
[   17.831717] DEBUG:     r8  be823f68  r9  be823f78  r10 be823f98  r11 be823f88
[   17.842803] DEBUG: pid: 140, tid: 140, name: audioserver  >>> /system/bin/audioserver <<<
[   17.859775] DEBUG: Timestamp: 1970-01-01 00:00:17+0000
[   17.868380] DEBUG: pid: 205, tid: 205, name: android.hardwar  >>> /vendor/bin/hw/android.hardware.health.storage@1.0-service <<<
[   17.875751] DEBUG: *** *** *** *** *** *** *** *** *** *** *** *** *** *** *** ***
[   17.887991] DEBUG: signal 6 (SIGABRT), code -1 (SI_QUEUE), fault addr --------
[   17.913477] init: starting service 'vendor.keymaster-4-1'...
[   17.927571] DEBUG: signal 6 (SIGABRT), code -1 (SI_QUEUE), fault addr --------
[   17.928059] DEBUG: Abort message: 'Binder driver could not be opened. Terminating.'
[   17.951133] DEBUG: ABI: 'arm'
[   17.959506] DEBUG:     r8  bea4af98  r9  bea4afa8  r10 bea4afc8  r11 bea4afb8
[   17.962740] DEBUG:     ip  000000b2  sp  bea4af68  lr  b0283a01  pc  b0283a14
[   17.977061] DEBUG: *** *** *** *** *** *** *** *** *** *** *** *** *** *** *** ***
[   17.986595] DEBUG: signal 6 (SIGABRT), code -1 (SI_QUEUE), fault addr --------
[   17.999759] DEBUG: Build fingerprint: 'Android/beagle_bb/beagle_bb:11/RP1A.201005.004/eng.deepak.20240411.140333:userdebug/test-keys'
[   18.007361] DEBUG: Revision: '0'
[   18.029813] DEBUG:       #07 pc 0003c0f5  /system/lib/libbinder.so (android::defaultServiceManager()+48) (BuildId: 5c22a160196263141cb4a4a2c57279e8)
[   18.033444] DEBUG:       #08 pc 00006fa1  /system/bin/idmap2d (android::BinderService<android::os::Idmap2Service>::publish(bool, int)+32) (BuildId: 1d24e4f4db1a481a357a82864cfa31c9)
[   18.049223] DEBUG: pid: 184, tid: 184, name: android.hardwar  >>> media.codec <<<
[   18.079563] DEBUG:     r0  00000000  r1  000000c2  r2  00000006  r3  bea2e040
[   18.087374] DEBUG:     r4  bea2e054  r5  bea2e038  r6  000000c2  r7  0000016b
[   18.119441] DEBUG: uid: 1041
[   18.126863] DEBUG: signal 6 (SIGABRT), code -1 (SI_QUEUE), fault addr --------
[   18.136286] DEBUG: Abort message: 'Binder driver '/dev/vndbinder' could not be opened.  Terminating.'
[   18.152543] DEBUG:       #00 pc 00038a14  /apex/com.android.runtime/lib/bionic/libc.so (abort+172) (BuildId: 53f341db503cb20cc8776c067ff091a0)
[   18.162481] DEBUG:     r0  00000000  r1  000000c6  r2  00000006  r3  befa6010
[   18.175873] DEBUG:     ip  000000bd  sp  be823f38  lr  a7e11a01  pc  a7e11a14
[   18.204482] DEBUG: Timestamp: 1970-01-01 00:00:18+0000
[   18.212312] DEBUG: uid: 1000
[   18.217771] DEBUG: signal 6 (SIGABRT), code -1 (SI_QUEUE), fault addr --------
[   18.229575] DEBUG: Abort message: 'Binder driver could not be opened. Terminating.'
[   18.237110] DEBUG:     r0  00000000  r1  000000c4  r2  00000006  r3  beb79048
[   18.294191] DEBUG: *** *** *** *** *** *** *** *** *** *** *** *** *** *** *** ***
[   18.303760] DEBUG: Build fingerprint: 'Android/beagle_bb/beagle_bb:11/RP1A.201005.004/eng.deepak.20240411.140333:userdebug/test-keys'
[   18.311955] DEBUG: ABI: 'arm'
[   18.324394] DEBUG: uid: 1000
[   18.327641] DEBUG: signal 6 (SIGABRT), code -1 (SI_QUEUE), fault addr --------
[   18.333286] init: Command 'class_restart early_hal' action=onrestart (<Service 'hwservicemanager' onrestart>:4) took 1864ms and succeeded
[   18.353968] DEBUG: Build fingerprint: 'Android/beagle_bb/beagle_bb:11/RP1A.201005.004/eng.deepak.20240411.140333:userdebug/test-keys'
[   18.354272] DEBUG: Revision: '0'
[   18.367451] DEBUG:       #06 pc 00033237  /apex/com.android.runtime/lib/bionic/libc.so (__libc_init+66) (BuildId: 53f341db503cb20cc8776c067ff091a0)
[   18.380634] DEBUG:
[   18.409431] DEBUG:     r0  00000000  r1  000000be  r2  00000006  r3  be8b0030
[   18.409651] DEBUG:     r4  be8b0044  r5  be8b0028  r6  000000be  r7  0000016b
[   18.417033] DEBUG:     r8  be8b0030  r9  be8b0040  r10 be8b0060  r11 be8b0050
[   18.439676] DEBUG: Abort message: 'Binder driver could not be opened. Terminating.'
[   18.447163] DEBUG:     r0  00000000  r1  0000008c  r2  00000006  r3  bef91f20
[   18.486477] DEBUG: *** *** *** *** *** *** *** *** *** *** *** *** *** *** *** ***
[   18.494513] DEBUG: pid: 200, tid: 200, name: android.hardwar  >>> /vendor/bin/hw/android.hardware.graphics.composer@2.3-service <<<
[   18.511192] DEBUG:       #01 pc 00004c17  /system/lib/liblog.so (__android_log_default_aborter+6) (BuildId: 7341d20174ef220fb095f2b4b7ae915b)
[   18.523808] DEBUG: Abort message: 'Binder driver could not be opened. Terminating.'
[   18.537301] DEBUG: Abort message: 'Binder driver could not be opened. Terminating.'
[   18.545427] DEBUG: uid: 1046
[   18.557604] DEBUG:     r8  bea2e040  r9  bea2e050  r10 bea2e070  r11 bea2e060
[   18.571590] DEBUG:       #09 pc 00006f31  /system/bin/idmap2d (main+28) (BuildId: 1d24e4f4db1a481a357a82864cfa31c9)
[   18.579417] DEBUG: Revision: '0'
[   18.599356] DEBUG:     r4  befa6024  r5  befa6008  r6  000000c6  r7  0000016b
[   18.602833] DEBUG:     r8  befa6010  r9  befa6020  r10 befa6040  r11 befa6030
[   18.613706] DEBUG:
[   18.646320] DEBUG: *** *** *** *** *** *** *** *** *** *** *** *** *** *** *** ***
[   18.646783] DEBUG: Build fingerprint: 'Android/beagle_bb/beagle_bb:11/RP1A.201005.004/eng.deepak.20240411.140333:userdebug/test-keys'
[   18.658039] DEBUG: ABI: 'arm'
[   18.672980] DEBUG:     ip  000000c2  sp  bea2e010  lr  ac84da01  pc  ac84da14
[   18.678186] DEBUG: Build fingerprint: 'Android/beagle_bb/beagle_bb:11/RP1A.201005.004/eng.deepak.20240411.140333:userdebug/test-keys'
[   18.698948] DEBUG: uid: 1000
[   18.719830] DEBUG: Timestamp: 1970-01-01 00:00:18+0000
[   18.722974] DEBUG: pid: 212, tid: 212, name: android.hardwar  >>> /vendor/bin/hw/android.hardware.sensors@2.1-service.multihal <<<
[   18.728293] DEBUG: uid: 1000
[   18.740658] DEBUG:     r4  beb7905c  r5  beb79040  r6  000000c4  r7  0000016b
[   18.743771] DEBUG:     r8  beb79048  r9  beb79058  r10 beb79078  r11 beb79068
[   18.751347] DEBUG: ABI: 'arm'
[   18.799317] DEBUG: signal 6 (SIGABRT), code -1 (SI_QUEUE), fault addr --------
[   18.802762] DEBUG: Abort message: 'Binder driver '/dev/vndbinder' could not be opened.  Terminating.'
[   18.817329] DEBUG:     r0  00000000  r1  000000cd  r2  00000006  r3  befc9018
[   18.829560] DEBUG: Build fingerprint: 'Android/beagle_bb/beagle_bb:11/RP1A.201005.004/eng.deepak.20240411.140333:userdebug/test-keys'
[   18.837079] DEBUG: Revision: '0'
[   18.849703] DEBUG:       #10 pc 00033237  /apex/com.android.runtime/lib/bionic/libc.so (__libc_init+66) (BuildId: 53f341db503cb20cc8776c067ff091a0)
[   18.858852] DEBUG: backtrace:
[   18.880831] DEBUG:     ip  000000be  sp  be8b0000  lr  b073da01  pc  b073da14
[   18.889442] DEBUG:       #02 pc 00005337  /system/lib/liblog.so (__android_log_assert+174) (BuildId: 7341d20174ef220fb095f2b4b7ae915b)
[   18.897042] DEBUG:       #03 pc 00052abb  /system/lib/libbinder.so (android::ProcessState::ProcessState(char const*)+250) (BuildId: 5c22a160196263141cb4a4a2c57279e8)
[   18.929438] DEBUG:     r0  00000000  r1  000000d5  r2  00000006  r3  bebe2040
[   18.944452] DEBUG: backtrace:
[   18.952050] DEBUG: ABI: 'arm'
[   18.955608] DEBUG: Timestamp: 1970-01-01 00:00:18+0000
[   18.959069] DEBUG:     r4  bef91f34  r5  bef91f18  r6  0000008c  r7  0000016b
[   18.964434] DEBUG:     r8  bef91f20  r9  bef91f30  r10 bef91f50  r11 bef91f40
[   18.972032] DEBUG:     ip  000000c6  sp  befa5fe0  lr  ad0d5a01  pc  ad0d5a14
[   18.979696] DEBUG: Revision: '0'
[   18.987091] DEBUG: ABI: 'arm'
[   19.020812] init: Service 'zygote' (pid 139) received signal 9
[   19.030560] DEBUG: Timestamp: 1970-01-01 00:00:18+0000
[   19.030790] DEBUG: pid: 244, tid: 244, name: android.hardwar  >>> /vendor/bin/hw/android.hardware.rebootescrow-service.default <<<
[   19.036137] DEBUG: uid: 1000
[   19.050327] DEBUG: Revision: '0'
[   19.053449] DEBUG: ABI: 'arm'
[   19.057230] DEBUG: Timestamp: 1970-01-01 00:00:19+0000
[   19.060996] DEBUG: Timestamp: 1970-01-01 00:00:19+0000
[   19.066507] DEBUG: pid: 231, tid: 231, name: android.hardwar  >>> /vendor/bin/hw/android.hardware.lights-service.example <<<
[   19.094872] DEBUG:     ip  000000c4  sp  beb79018  lr  b1bd2a01  pc  b1bd2a14
[   19.129619] DEBUG: signal 6 (SIGABRT), code -1 (SI_QUEUE), fault addr --------
[   19.137236] DEBUG: Abort message: 'Binder driver '/dev/vndbinder' could not be opened.  Terminating.'
[   19.145472] DEBUG:     r4  befc902c  r5  befc9010  r6  000000cd  r7  0000016b
[   19.169481] DEBUG: pid: 236, tid: 236, name: android.hardwar  >>> /vendor/bin/hw/android.hardware.power-service.example <<<
[   19.176898] DEBUG: uid: 9999
[   19.188614] DEBUG:       #00 pc 00038a14  /apex/com.android.runtime/lib/bionic/libc.so (abort+172) (BuildId: 53f341db503cb20cc8776c067ff091a0)
[   19.192020] DEBUG:     r0  00000000  r1  000000b8  r2  00000006  r3  be9d5008
[   19.259481] DEBUG:       #01 pc 00004c17  /system/lib/liblog.so (__android_log_default_aborter+6) (BuildId: 7341d20174ef220fb095f2b4b7ae915b)
[   19.266938] DEBUG:       #02 pc 00005337  /system/lib/liblog.so (__android_log_assert+174) (BuildId: 7341d20174ef220fb095f2b4b7ae915b)
[   19.280516] DEBUG:       #00 pc 00038a14  /apex/com.android.runtime/lib/bionic/libc.so (abort+172) (BuildId: 53f341db503cb20cc8776c067ff091a0)
[   19.319653] DEBUG: Timestamp: 1970-01-01 00:00:19+0000
[   19.333957] init: starting service 'exec 3 (/system/bin/vdc volume abort_fuse)'...
[   19.349291] DEBUG:     ip  0000008c  sp  bef91ef0  lr  ac9cda01  pc  ac9cda14
[   19.359399] DEBUG: pid: 223, tid: 223, name: android.hardwar  >>> /vendor/bin/hw/android.hardware.wifi@1.0-service <<<
[   19.366789] DEBUG: uid: 1010
[   19.385284] DEBUG: signal 6 (SIGABRT), code -1 (SI_QUEUE), fault addr --------
[   19.388604] DEBUG: Abort message: 'Binder driver could not be opened. Terminating.'
[   19.396592] DEBUG: uid: 9999
[   19.409421] DEBUG:     r4  bebe2054  r5  bebe2038  r6  000000d5  r7  0000016b
[   19.412561] DEBUG:     r8  bebe2040  r9  bebe2050  r10 bebe2070  r11 bebe2060
[   19.420633] DEBUG:
[   19.430409] DEBUG:     r8  befc9018  r9  befc9028  r10 befc9048  r11 befc9038
[   19.430599] DEBUG:     ip  000000cd  sp  befc8fe8  lr  ac481a01  pc  ac481a14
[   19.461228] DEBUG:
[   19.471098] DEBUG: ABI: 'arm'
[   19.471644] DEBUG: Timestamp: 1970-01-01 00:00:19+0000
[   19.475004] DEBUG: pid: 228, tid: 228, name: android.hardwar  >>> /vendor/bin/hw/android.hardware.identity-service.example <<<
[   19.487262] DEBUG:
[   19.539423] DEBUG:       #04 pc 0005294f  /system/lib/libbinder.so (android::ProcessState::self()+74) (BuildId: 5c22a160196263141cb4a4a2c57279e8)
[   19.539883] DEBUG:       #05 pc 0003d777  /system/lib/libbinder.so (void std::__1::__call_once_proxy<std::__1::tuple<android::defaultServiceManager()::$_0&&> >(void*)+62) (BuildId: 5c22a160196263141cb4a4a2c57279e8)
[   19.557723] init: Command 'exec_background - system system -- /system/bin/vdc volume abort_fuse' action=onrestart (<Service 'zygote' onrestart>:1) took 224ms and succeeded
[   19.619629] DEBUG: signal 6 (SIGABRT), code -1 (SI_QUEUE), fault addr --------
[   19.620086] DEBUG: Abort message: 'Binder driver '/dev/binder' could not be opened.  Terminating.'
[   19.627591] DEBUG:     r0  00000000  r1  000000f4  r2  00000006  r3  bea64fe0
[   19.637190] DEBUG:     r4  be9d501c  r5  be9d5000  r6  000000b8  r7  0000016b
[   19.658593] DEBUG:     r0  00000000  r1  000000c8  r2  00000006  r3  be88c028
[   19.667590] DEBUG: signal 6 (SIGABRT), code -1 (SI_QUEUE), fault addr --------
[   19.680108] DEBUG:       #01 pc 0000c4cb  /system/lib/libbase.so (android::base::DefaultAborter(char const*)+6) (BuildId: f96fd0f9724a7387eab086062ea49ac1)
[   19.687846] DEBUG:       #02 pc 0000d991  /system/lib/libbase.so (android::base::SetAborter(std::__1::function<void (char const*)>&&)::$_3::__invoke(char const*)+48) (BuildId: f96fd0f9724a7387eab086062ea49ac1)
[   19.719581] DEBUG: pid: 255, tid: 255, name: android.hardwar  >>> /vendor/bin/hw/android.hardware.vibrator-service.example <<<
[   19.761876] DEBUG: backtrace:
[   19.779924] DEBUG:     r0  00000000  r1  000000d4  r2  00000006  r3  beba8020
[   19.783557] DEBUG: signal 6 (SIGABRT), code -1 (SI_QUEUE), fault addr --------
[   19.791255] DEBUG:     ip  000000d5  sp  bebe2010  lr  b4b02a01  pc  b4b02a14
[   19.809413] DEBUG: uid: 9999
[   19.816929] DEBUG: signal 6 (SIGABRT), code -1 (SI_QUEUE), fault addr --------
[   19.826246] DEBUG:
[   19.849401] DEBUG:     r4  beba8034  r5  beba8018  r6  000000d4  r7  0000016b
[   19.849627] DEBUG:     r8  beba8020  r9  beba8030  r10 beba8050  r11 beba8040
[   19.857017] DEBUG:     ip  000000d4  sp  beba7ff0  lr  b3200a01  pc  b3200a14
[   19.869345] DEBUG:     r8  be9d5008  r9  be9d5018  r10 be9d5038  r11 be9d5028
[   19.876750] DEBUG:     ip  000000b8  sp  be9d4fd8  lr  b20fea01  pc  b20fea14
[   19.884134] DEBUG: backtrace:
[   19.903465] DEBUG:     r4  be88c03c  r5  be88c020  r6  000000c8  r7  0000016b
[   19.919516] DEBUG: Abort message: 'Binder driver '/dev/binder' could not be opened.  Terminating.'
[   19.926961] DEBUG:     r0  00000000  r1  000000e7  r2  00000006  r3  beb33000
[   19.942728] DEBUG:       #03 pc 00076f9f  /system/lib/libhidlbase.so (android::hardware::ProcessState::ProcessState(unsigned int)+250) (BuildId: 8330c2d9f66f37e77ae526b78b100dfe)
[   19.961061] DEBUG:     r8  be88c028  r9  be88c038  r10 be88c058  r11 be88c048
[   19.977707] DEBUG: signal 6 (SIGABRT), code -1 (SI_QUEUE), fault addr --------
[   19.988055] DEBUG:       #06 pc 00068781  /system/lib/libc++.so (std::__1::__call_once(unsigned long volatile&, void*, void (*)(void*))+76) (BuildId: 89f7bff5c7ffd01410262f67474407d7)
[   19.999609] DEBUG: Abort message: 'Binder driver '/dev/binder' could not be opened.  Terminating.'
[   20.036733] DEBUG:
[   20.061599] DEBUG:       #00 pc 00038a14  /apex/com.android.runtime/lib/bionic/libc.so (abort+172) (BuildId: 53f341db503cb20cc8776c067ff091a0)
[   20.061864] DEBUG:       #01 pc 00004c17  /system/lib/liblog.so (__android_log_default_aborter+6) (BuildId: 7341d20174ef220fb095f2b4b7ae915b)
[   20.074989] DEBUG: backtrace:
[   20.095888] DEBUG: *** *** *** *** *** *** *** *** *** *** *** *** *** *** *** ***
[   20.139601] DEBUG:       #00 pc 00038a14  /apex/com.android.runtime/lib/bionic/libc.so (abort+172) (BuildId: 53f341db503cb20cc8776c067ff091a0)
[   20.147537] DEBUG:       #01 pc 00004c17  /system/lib/liblog.so (__android_log_default_aborter+6) (BuildId: 7341d20174ef220fb095f2b4b7ae915b)
[   20.169671] DEBUG: Abort message: 'Binder driver '/dev/binder' could not be opened.  Terminating.'
[   20.183170] DEBUG:     r4  bea64ff4  r5  bea64fd8  r6  000000f4  r7  0000016b
[   20.193757] DEBUG:       #04 pc 00076e87  /system/lib/libhidlbase.so (android::hardware::ProcessState::self()+98) (BuildId: 8330c2d9f66f37e77ae526b78b100dfe)
[   20.213108] DEBUG: backtrace:
[   20.228215] DEBUG: Abort message: 'Binder driver could not be opened. Terminating.'
[   20.238188] DEBUG: *** *** *** *** *** *** *** *** *** *** *** *** *** *** *** ***
[   20.249541] DEBUG:       #07 pc 0003c0f5  /system/lib/libbinder.so (android::defaultServiceManager()+48) (BuildId: 5c22a160196263141cb4a4a2c57279e8)
[   20.257550] DEBUG:       #08 pc 0000175f  /system/bin/mediametrics (main+70) (BuildId: abb2388e66d35218fdcc9aa24605ef21)
[   20.299721] DEBUG: Build fingerprint: 'Android/beagle_bb/beagle_bb:11/RP1A.201005.004/eng.deepak.20240411.140333:userdebug/test-keys'
[   20.319428] DEBUG:     r0  00000000  r1  000000df  r2  00000006  r3  beeccfc0
[   20.334926] DEBUG: uid: 1000
[   20.349349] DEBUG: *** *** *** *** *** *** *** *** *** *** *** *** *** *** *** ***
[   20.352849] DEBUG: Build fingerprint: 'Android/beagle_bb/beagle_bb:11/RP1A.201005.004/eng.deepak.20240411.140333:userdebug/test-keys'
[   20.361151] DEBUG:       #03 pc 0000d29d  /system/lib/libbase.so (android::base::LogMessage::~LogMessage()+224) (BuildId: f96fd0f9724a7387eab086062ea49ac1)
[   20.399520] DEBUG:       #05 pc 0003ced9  /system/lib/libhidlbase.so (android::hardware::configureBinderRpcThreadpool(unsigned int, bool)+20) (BuildId: 8330c2d9f66f37e77ae526b78b100dfe)
[   20.419562] DEBUG:     r8  bea64fe0  r9  bea64ff0  r10 bea65010  r11 bea65000
[   20.436677] DEBUG:     r4  beb33014  r5  beb32ff8  r6  000000e7  r7  0000016b
[   20.444448] DEBUG:       #00 pc 00038a14  /apex/com.android.runtime/lib/bionic/libc.so (abort+172) (BuildId: 53f341db503cb20cc8776c067ff091a0)
[   20.459499] DEBUG:       #02 pc 00005337  /system/lib/liblog.so (__android_log_assert+174) (BuildId: 7341d20174ef220fb095f2b4b7ae915b)
[   20.472894] DEBUG:     ip  000000c8  sp  be88bff8  lr  b56d2a01  pc  b56d2a14
[   20.499500] DEBUG:     r0  00000000  r1  000000e4  r2  00000006  r3  beec3fd0
[   20.506923] DEBUG:     r4  beec3fe4  r5  beec3fc8  r6  000000e4  r7  0000016b
[   20.514679] DEBUG:     r0  00000000  r1  000000ec  r2  00000006  r3  bec80000
[   20.531396] DEBUG:
[   20.549513] DEBUG: signal 6 (SIGABRT), code -1 (SI_QUEUE), fault addr --------
[   20.549983] DEBUG: Abort message: 'Binder driver '/dev/binder' could not be opened.  Terminating.'
[   20.557493] DEBUG:     r0  00000000  r1  000000ff  r2  00000006  r3  bed95000
[   20.579767] DEBUG: Build fingerprint: 'Android/beagle_bb/beagle_bb:11/RP1A.201005.004/eng.deepak.20240411.140333:userdebug/test-keys'
[   20.587314] DEBUG: Revision: '0'
[   20.608952] DEBUG: backtrace:
[   20.612752] DEBUG:       #00 pc 00038a14  /apex/com.android.runtime/lib/bionic/libc.so (abort+172) (BuildId: 53f341db503cb20cc8776c067ff091a0)
[   20.616025] DEBUG:       #01 pc 00004c17  /system/lib/liblog.so (__android_log_default_aborter+6) (BuildId: 7341d20174ef220fb095f2b4b7ae915b)
[   20.629490] DEBUG:       #00 pc 00038a14  /apex/com.android.runtime/lib/bionic/libc.so (abort+172) (BuildId: 53f341db503cb20cc8776c067ff091a0)
[   20.649393] DEBUG:     r8  beb33000  r9  beb33010  r10 beb33030  r11 beb33020
[   20.663378] DEBUG: Revision: '0'
[   20.676917] DEBUG:
[   20.683309] DEBUG:       #01 pc 0001e48f  /system/bin/wificond (android::base::DefaultAborter(char const*)+6) (BuildId: 7bf3cc405138a32e01fc60e26f0458e4)
[   20.683706] DEBUG:       #02 pc 0001f879  /system/bin/wificond (android::base::SetAborter(std::__1::function<void (char const*)>&&)::$_3::__invoke(char const*)+48) (BuildId: 7bf3cc405138a32e01fc60e26f0458e4)
[   20.703331] DEBUG:     r4  beeccfd4  r5  beeccfb8  r6  000000df  r7  0000016b
[   20.724464] DEBUG:
[   20.735411] init: Command 'write /sys/power/state on' action=onrestart (<Service 'zygote' onrestart>:2) took 1ms and failed: Unable to write to file '/sys/power/state': Unable to write file contents: Invalid argument
[   20.759820] DEBUG:       #04 pc 00017083  /system/bin/iorapd (iorap::db::SchemaModel::GetOrCreate(std::__1::basic_string<char, std::__1::char_traits<char>, std::__1::allocator<char> >)+1530) (BuildId: 3a656c98b7f929f89c9eccf928e49a6f)
[   20.760246] DEBUG:       #05 pc 000166e1  /system/bin/iorapd (main+340) (BuildId: 3a656c98b7f929f89c9eccf928e49a6f)
[   20.781734] DEBUG:       #02 pc 00005337  /system/lib/liblog.so (__android_log_assert+174) (BuildId: 7341d20174ef220fb095f2b4b7ae915b)
[   20.794030] DEBUG: Revision: '0'
[   20.806806] DEBUG:     r4  bec80014  r5  bec7fff8  r6  000000ec  r7  0000016b
[   20.851798] DEBUG:       #06 pc 000020f9  /system/bin/surfaceflinger (main+36) (BuildId: 1c2b9bc87f890fecaf5d32e036436429)
[   20.869395] DEBUG:     r8  bec80000  r9  bec80010  r10 bec80030  r11 bec80020
[   20.881353] DEBUG:       #03 pc 00076f9f  /system/lib/libhidlbase.so (android::hardware::ProcessState::ProcessState(unsigned int)+250) (BuildId: 8330c2d9f66f37e77ae526b78b100dfe)
[   20.907877] DEBUG:
[   20.926660] DEBUG: ABI: 'arm'
[   20.927285] DEBUG: Timestamp: 1970-01-01 00:00:20+0000
[   20.930920] DEBUG:       #09 pc 00033237  /apex/com.android.runtime/lib/bionic/libc.so (__libc_init+66) (BuildId: 53f341db503cb20cc8776c067ff091a0)
[   20.938882] DEBUG: backtrace:
[   20.952633] DEBUG:     ip  000000f4  sp  bea64fb0  lr  ac954a01  pc  ac954a14
[   20.959025] DEBUG: backtrace:
[   20.966735] DEBUG:       #00 pc 00038a14  /apex/com.android.runtime/lib/bionic/libc.so (abort+172) (BuildId: 53f341db503cb20cc8776c067ff091a0)
[   20.970230] DEBUG:     r8  beec3fd0  r9  beec3fe0  r10 beec4000  r11 beec3ff0
[   20.983231] DEBUG: backtrace:
[   20.990953] DEBUG: pid: 283, tid: 283, name: android.system.  >>> /system/bin/hw/android.system.suspend@1.0-service <<<
[   20.994110] DEBUG: uid: 1000
[   21.005459] DEBUG:       #01 pc 00004c17  /system/lib/liblog.so (__android_log_default_aborter+6) (BuildId: 7341d20174ef220fb095f2b4b7ae915b)
[   21.008584] DEBUG:       #02 pc 00005337  /system/lib/liblog.so (__android_log_assert+174) (BuildId: 7341d20174ef220fb095f2b4b7ae915b)
[   21.026870] DEBUG:     ip  000000e7  sp  beb32fd0  lr  b24caa01  pc  b24caa14
[   21.039762] DEBUG:       #03 pc 00052abb  /system/lib/libbinder.so (android::ProcessState::ProcessState(char const*)+250) (BuildId: 5c22a160196263141cb4a4a2c57279e8)
[   21.047199] DEBUG:       #04 pc 00052b83  /system/lib/libbinder.so (android::ProcessState::initWithDriver(char const*)+150) (BuildId: 5c22a160196263141cb4a4a2c57279e8)
[   21.062570] DEBUG:       #07 pc 00033237  /apex/com.android.runtime/lib/bionic/libc.so (__libc_init+66) (BuildId: 53f341db503cb20cc8776c067ff091a0)
[   21.078024] DEBUG:     r4  bed95014  r5  bed94ff8  r6  000000ff  r7  0000016b
[   21.099778] DEBUG:
[   21.109661] DEBUG:       #04 pc 00076e87  /system/lib/libhidlbase.so (android::hardware::ProcessState::self()+98) (BuildId: 8330c2d9f66f37e77ae526b78b100dfe)
[   21.110004] DEBUG:       #05 pc 0003ced9  /system/lib/libhidlbase.so (android::hardware::configureBinderRpcThreadpool(unsigned int, bool)+20) (BuildId: 8330c2d9f66f37e77ae526b78b100dfe)
[   21.129482] DEBUG:       #03 pc 0002071b  /system/bin/wificond (__android_log_assert+174) (BuildId: 7bf3cc405138a32e01fc60e26f0458e4)
[   21.147342] DEBUG: ABI: 'arm'
[   21.201300] DEBUG: ABI: 'arm'
[   21.204917] DEBUG: Timestamp: 1970-01-01 00:00:21+0000
[   21.208240] DEBUG: pid: 297, tid: 297, name: android.hardwar  >>> /vendor/bin/hw/android.hardware.atrace@1.0-service <<<
[   21.214192] DEBUG:       #02 pc 00005337  /system/lib/liblog.so (__android_log_assert+174) (BuildId: 7341d20174ef220fb095f2b4b7ae915b)
[   21.225587] DEBUG:     ip  000000ec  sp  bec7ffd0  lr  b0853a01  pc  b0853a14
[   21.238231] DEBUG:       #00 pc 00038a14  /apex/com.android.runtime/lib/bionic/libc.so (abort+172) (BuildId: 53f341db503cb20cc8776c067ff091a0)
[   21.251356] DEBUG:     r8  beeccfc0  r9  beeccfd0  r10 beeccff0  r11 beeccfe0
[   21.264884] DEBUG:       #01 pc 00004c17  /system/lib/liblog.so (__android_log_default_aborter+6) (BuildId: 7341d20174ef220fb095f2b4b7ae915b)
[   21.281098] DEBUG:       #00 pc 00038a14  /apex/com.android.runtime/lib/bionic/libc.so (abort+172) (BuildId: 53f341db503cb20cc8776c067ff091a0)
[   21.296864] DEBUG:
[   21.319220] init: Sending signal 9 to service 'audioserver' (pid 140) process group...
[   21.331672] audioserver (140) used greatest stack depth: 5236 bytes left
[   21.345753] DEBUG:     ip  000000e4  sp  beec3fa0  lr  ab9faa01  pc  ab9faa14
[   21.369524] DEBUG:       #06 pc 00033237  /apex/com.android.runtime/lib/bionic/libc.so (__libc_init+66) (BuildId: 53f341db503cb20cc8776c067ff091a0)
[   21.380208] DEBUG: *** *** *** *** *** *** *** *** *** *** *** *** *** *** *** ***
[   21.393749] DEBUG: backtrace:
[   21.429486] DEBUG:       #01 pc 00004c17  /system/lib/liblog.so (__android_log_default_aborter+6) (BuildId: 7341d20174ef220fb095f2b4b7ae915b)
[   21.432774] DEBUG:       #02 pc 00005337  /system/lib/liblog.so (__android_log_assert+174) (BuildId: 7341d20174ef220fb095f2b4b7ae915b)
[   21.446253] DEBUG: signal 6 (SIGABRT), code -1 (SI_QUEUE), fault addr --------
[   21.489655] DEBUG:     r8  bed95000  r9  bed95010  r10 bed95030  r11 bed95020
[   21.497184] DEBUG:     ip  000000ff  sp  bed94fd0  lr  a81cea01  pc  a81cea14
[   21.505349] DEBUG: Timestamp: 1970-01-01 00:00:21+0000
[   21.513135] DEBUG:       #02 pc 00005337  /system/lib/liblog.so (__android_log_assert+174) (BuildId: 7341d20174ef220fb095f2b4b7ae915b)
[   21.519316] DEBUG:       #03 pc 00052abb  /system/lib/libbinder.so (android::ProcessState::ProcessState(char const*)+250) (BuildId: 5c22a160196263141cb4a4a2c57279e8)
[   21.549726] DEBUG:       #03 pc 00076f9f  /system/lib/libhidlbase.so (android::hardware::ProcessState::ProcessState(unsigned int)+250) (BuildId: 8330c2d9f66f37e77ae526b78b100dfe)
[   21.565218] DEBUG:       #06 pc 000032d3  /system/bin/hw/android.hidl.allocator@1.0-service (main+26) (BuildId: 212bc8a2b70dd1302ca8c7027a3274b1)
[   21.581600] DEBUG: uid: 1000
[   21.599139] DEBUG: backtrace:
[   21.602628] DEBUG:       #00 pc 00038a14  /apex/com.android.runtime/lib/bionic/libc.so (abort+172) (BuildId: 53f341db503cb20cc8776c067ff091a0)
[   21.609425] DEBUG:       #04 pc 00052abb  /system/lib/libbinder.so (android::ProcessState::ProcessState(char const*)+250) (BuildId: 5c22a160196263141cb4a4a2c57279e8)
[   21.623426] DEBUG:       #00 pc 00038a14  /apex/com.android.runtime/lib/bionic/libc.so (abort+172) (BuildId: 53f341db503cb20cc8776c067ff091a0)
